[16:09:50.935] [STATE_CHANGE        ] ECHO-01  | WANDER (0.0s) -> SEEK_PARTNER  [partner_separated]  h=22 e=70 s=69
[16:09:50.935] [SEEK_PARTNER        ] ECHO-02  | with ECHO-01  dist=424px
[16:09:50.935] [STATE_CHANGE        ] ECHO-02  | WANDER (0.0s) -> SEEK_PARTNER  [partner_separated]  h=37 e=90 s=63
[16:09:50.937] [STATE_CHANGE        ] ECHO-01  | SEEK_PARTNER (0.0s) -> SEEK_PARTNER  [partner_separated]  h=22 e=70 s=69  tgt=423px
[16:09:50.937] [STATE_CHANGE        ] ECHO-02  | SEEK_PARTNER (0.0s) -> SEEK_PARTNER  [partner_separated]  h=37 e=89 s=63  tgt=423px
[16:09:50.937] [STATE_CHANGE        ] ECHO-01  | SEEK_PARTNER (0.0s) -> SEEK_PARTNER  [partner_separated]  h=22 e=70 s=69  tgt=423px
[16:09:50.937] [STATE_CHANGE        ] ECHO-02  | SEEK_PARTNER (0.0s) -> SEEK_PARTNER  [partner_separated]  h=37 e=89 s=63  tgt=423px
[16:09:50.938] [STATE_CHANGE        ] ECHO-01  | SEEK_PARTNER (0.0s) -> SEEK_PARTNER  [partner_separated]  h=22 e=70 s=69  tgt=423px
[16:09:50.938] [STATE_CHANGE        ] ECHO-02  | SEEK_PARTNER (0.0s) -> SEEK_PARTNER  [partner_separated]  h=38 e=89 s=63  tgt=423px
[16:09:50.938] [STATE_CHANGE        ] ECHO-01  | SEEK_PARTNER (0.0s) -> SEEK_PARTNER  [partner_separated]  h=22 e=70 s=69  tgt=423px
[16:09:50.938] [STATE_CHANGE        ] ECHO-02  | SEEK_PARTNER (0.0s) -> SEEK_PARTNER  [partner_separated]  h=38 e=89 s=63  tgt=422px
[16:09:50.939] [STATE_CHANGE        ] ECHO-01  | SEEK_PARTNER (0.0s) -> SEEK_PARTNER  [partner_separated]  h=22 e=70 s=69  tgt=422px
[16:09:50.939] [STATE_CHANGE        ] ECHO-02  | SEEK_PARTNER (0.0s) -> SEEK_PARTNER  [partner_separated]  h=38 e=89 s=63  tgt=422px
[16:09:50.940] [STATE_CHANGE        ] ECHO-01  | SEEK_PARTNER (0.0s) -> SEEK_PARTNER  [partner_separated]  h=22 e=70 s=69  tgt=422px
[16:09:50.940] [STATE_CHANGE        ] ECHO-02  | SEEK_PARTNER (0.0s) -> SEEK_PARTNER  [partner_separated]  h=38 e=89 s=63  tgt=422px
[16:09:50.941] [STATE_CHANGE        ] ECHO-01  | SEEK_PARTNER (0.0s) -> SEEK_PARTNER  [partner_separated]  h=22 e=70 s=69  tgt=422px
[16:09:50.941] [STATE_CHANGE        ] ECHO-02  | SEEK_PARTNER (0.0s) -> SEEK_PARTNER  [partner_separated]  h=38 e=89 s=63  tgt=421px
[16:09:50.942] [STATE_CHANGE        ] ECHO-01  | SEEK_PARTNER (0.0s) -> SEEK_PARTNER  [partner_separated]  h=22 e=70 s=69  tgt=421px
[16:09:50.942] [STATE_CHANGE        ] ECHO-02  | SEEK_PARTNER (0.0s) -> SEEK_PARTNER  [partner_separated]  h=38 e=89 s=63  tgt=421px
[16:09:50.942] [STATE_CHANGE        ] ECHO-01  | SEEK_PARTNER (0.0s) -> SEEK_PARTNER  [partner_separated]  h=22 e=70 s=69  tgt=421px
[16:09:50.942] [STATE_CHANGE        ] ECHO-02  | SEEK_PARTNER (0.0s) -> SEEK_PARTNER  [partner_separated]  h=38 e=89 s=63  tgt=421px
[16:09:50.943] [STATE_CHANGE        ] ECHO-01  | SEEK_PARTNER (0.0s) -> SEEK_PARTNER  [partner_separated]  h=22 e=70 s=69  tgt=420px
[16:09:50.943] [STATE_CHANGE        ] ECHO-02  | SEEK_PARTNER (0.0s) -> SEEK_PARTNER  [partner_separated]  h=38 e=89 s=63  tgt=420px
[16:09:50.943] [STATE_CHANGE        ] ECHO-01  | SEEK_PARTNER (0.0s) -> SEEK_PARTNER  [partner_separated]  h=23 e=70 s=69  tgt=420px
[16:09:50.943] [STATE_CHANGE        ] ECHO-02  | SEEK_PARTNER (0.0s) -> SEEK_PARTNER  [partner_separated]  h=38 e=89 s=63  tgt=420px
[16:09:50.944] [STATE_CHANGE        ] ECHO-01  | SEEK_PARTNER (0.0s) -> SEEK_PARTNER  [partner_separated]  h=23 e=70 s=69  tgt=420px
[16:09:50.944] [STATE_CHANGE        ] ECHO-02  | SEEK_PARTNER (0.0s) -> SEEK_PARTNER  [partner_separated]  h=38 e=89 s=63  tgt=419px
[16:09:50.944] [STATE_CHANGE        ] ECHO-01  | SEEK_PARTNER (0.0s) -> SEEK_PARTNER  [partner_separated]  h=23 e=70 s=69  tgt=419px
[16:09:50.944] [STATE_CHANGE        ] ECHO-02  | SEEK_PARTNER (0.0s) -> SEEK_PARTNER  [partner_separated]  h=38 e=89 s=63  tgt=419px
[16:09:50.944] [STATE_CHANGE        ] ECHO-01  | SEEK_PARTNER (0.0s) -> SEEK_PARTNER  [partner_separated]  h=23 e=70 s=69  tgt=419px
[16:09:50.945] [STATE_CHANGE        ] ECHO-02  | SEEK_PARTNER (0.0s) -> SEEK_PARTNER  [partner_separated]  h=38 e=89 s=63  tgt=419px
[16:09:50.945] [STATE_CHANGE        ] ECHO-01  | SEEK_PARTNER (0.0s) -> SEEK_PARTNER  [partner_separated]  h=23 e=70 s=69  tgt=418px
[16:09:50.945] [STATE_CHANGE        ] ECHO-02  | SEEK_PARTNER (0.0s) -> SEEK_PARTNER  [partner_separated]  h=38 e=89 s=63  tgt=418px
[16:09:50.946] [STATE_CHANGE        ] ECHO-01  | SEEK_PARTNER (0.0s) -> SEEK_PARTNER  [partner_separated]  h=23 e=70 s=69  tgt=418px
[16:09:50.946] [STATE_CHANGE        ] ECHO-02  | SEEK_PARTNER (0.0s) -> SEEK_PARTNER  [partner_separated]  h=38 e=89 s=63  tgt=418px
[16:09:50.946] [STATE_CHANGE        ] ECHO-01  | SEEK_PARTNER (0.0s) -> SEEK_PARTNER  [partner_separated]  h=23 e=70 s=69  tgt=417px
[16:09:50.946] [STATE_CHANGE        ] ECHO-02  | SEEK_PARTNER (0.0s) -> SEEK_PARTNER  [partner_separated]  h=38 e=89 s=63  tgt=417px
[16:09:50.946] [STATE_CHANGE        ] ECHO-01  | SEEK_PARTNER (0.0s) -> SEEK_PARTNER  [partner_separated]  h=23 e=70 s=69  tgt=417px
[16:09:50.946] [STATE_CHANGE        ] ECHO-02  | SEEK_PARTNER (0.0s) -> SEEK_PARTNER  [partner_separated]  h=39 e=89 s=63  tgt=417px
[16:09:50.947] [STATE_CHANGE        ] ECHO-01  | SEEK_PARTNER (0.0s) -> SEEK_PARTNER  [partner_separated]  h=23 e=70 s=69  tgt=416px
[16:09:50.947] [STATE_CHANGE        ] ECHO-02  | SEEK_PARTNER (0.0s) -> SEEK_PARTNER  [partner_separated]  h=39 e=89 s=62  tgt=416px
[16:09:50.947] [STATE_CHANGE        ] ECHO-01  | SEEK_PARTNER (0.0s) -> SEEK_PARTNER  [partner_separated]  h=23 e=70 s=69  tgt=416px
[16:09:50.947] [STATE_CHANGE        ] ECHO-02  | SEEK_PARTNER (0.0s) -> SEEK_PARTNER  [partner_separated]  h=39 e=89 s=62  tgt=416px
[16:09:50.947] [STATE_CHANGE        ] ECHO-01  | SEEK_PARTNER (0.0s) -> SEEK_PARTNER  [partner_separated]  h=23 e=70 s=69  tgt=415px
[16:09:50.947] [STATE_CHANGE        ] ECHO-02  | SEEK_PARTNER (0.0s) -> SEEK_PARTNER  [partner_separated]  h=39 e=89 s=62  tgt=415px
[16:09:50.948] [STATE_CHANGE        ] ECHO-01  | SEEK_PARTNER (0.0s) -> SEEK_PARTNER  [partner_separated]  h=23 e=70 s=69  tgt=415px
[16:09:50.948] [STATE_CHANGE        ] ECHO-02  | SEEK_PARTNER (0.0s) -> SEEK_PARTNER  [partner_separated]  h=39 e=89 s=62  tgt=415px
[16:09:50.948] [STATE_CHANGE        ] ECHO-01  | SEEK_PARTNER (0.0s) -> SEEK_PARTNER  [partner_separated]  h=23 e=70 s=69  tgt=415px
[16:09:50.948] [STATE_CHANGE        ] ECHO-02  | SEEK_PARTNER (0.0s) -> SEEK_PARTNER  [partner_separated]  h=39 e=89 s=62  tgt=414px
[16:09:50.948] [STATE_CHANGE        ] ECHO-01  | SEEK_PARTNER (0.0s) -> SEEK_PARTNER  [partner_separated]  h=23 e=70 s=69  tgt=414px
[16:09:50.948] [STATE_CHANGE        ] ECHO-02  | SEEK_PARTNER (0.0s) -> SEEK_PARTNER  [partner_separated]  h=39 e=89 s=62  tgt=414px
[16:09:50.949] [STATE_CHANGE        ] ECHO-01  | SEEK_PARTNER (0.0s) -> SEEK_PARTNER  [partner_separated]  h=23 e=70 s=69  tgt=414px
[16:09:50.951] [STATE_CHANGE        ] ECHO-02  | SEEK_PARTNER (0.0s) -> SEEK_PARTNER  [partner_separated]  h=39 e=89 s=62  tgt=413px
[16:09:50.951] [STATE_CHANGE        ] ECHO-01  | SEEK_PARTNER (0.0s) -> SEEK_PARTNER  [partner_separated]  h=24 e=70 s=69  tgt=413px
[16:09:50.951] [STATE_CHANGE        ] ECHO-02  | SEEK_PARTNER (0.0s) -> SEEK_PARTNER  [partner_separated]  h=39 e=89 s=62  tgt=413px
[16:09:50.951] [STATE_CHANGE        ] ECHO-01  | SEEK_PARTNER (0.0s) -> SEEK_PARTNER  [partner_separated]  h=24 e=70 s=68  tgt=413px
[16:09:50.951] [STATE_CHANGE        ] ECHO-02  | SEEK_PARTNER (0.0s) -> SEEK_PARTNER  [partner_separated]  h=39 e=89 s=62  tgt=412px
[16:09:50.952] [STATE_CHANGE        ] ECHO-01  | SEEK_PARTNER (0.0s) -> SEEK_PARTNER  [partner_separated]  h=24 e=70 s=68  tgt=412px
[16:09:50.952] [STATE_CHANGE        ] ECHO-02  | SEEK_PARTNER (0.0s) -> SEEK_PARTNER  [partner_separated]  h=39 e=89 s=62  tgt=412px
[16:09:50.952] [STATE_CHANGE        ] ECHO-01  | SEEK_PARTNER (0.0s) -> SEEK_PARTNER  [partner_separated]  h=24 e=70 s=68  tgt=412px
[16:09:50.952] [STATE_CHANGE        ] ECHO-02  | SEEK_PARTNER (0.0s) -> SEEK_PARTNER  [partner_separated]  h=39 e=89 s=62  tgt=411px
[16:09:50.953] [STATE_CHANGE        ] ECHO-01  | SEEK_PARTNER (0.0s) -> SEEK_PARTNER  [partner_separated]  h=24 e=70 s=68  tgt=411px
[16:09:50.953] [STATE_CHANGE        ] ECHO-02  | SEEK_PARTNER (0.0s) -> SEEK_PARTNER  [partner_separated]  h=39 e=89 s=62  tgt=411px
[16:09:50.953] [STATE_CHANGE        ] ECHO-01  | SEEK_PARTNER (0.0s) -> SEEK_PARTNER  [partner_separated]  h=24 e=70 s=68  tgt=411px
[16:09:50.953] [STATE_CHANGE        ] ECHO-02  | SEEK_PARTNER (0.0s) -> SEEK_PARTNER  [partner_separated]  h=39 e=89 s=62  tgt=410px
[16:09:50.953] [STATE_CHANGE        ] ECHO-01  | SEEK_PARTNER (0.0s) -> SEEK_PARTNER  [partner_separated]  h=24 e=70 s=68  tgt=410px
[16:09:50.953] [STATE_CHANGE        ] ECHO-02  | SEEK_PARTNER (0.0s) -> SEEK_PARTNER  [partner_separated]  h=39 e=89 s=62  tgt=410px
[16:09:50.954] [STATE_CHANGE        ] ECHO-01  | SEEK_PARTNER (0.0s) -> SEEK_PARTNER  [partner_separated]  h=24 e=70 s=68  tgt=410px
[16:09:50.954] [STATE_CHANGE        ] ECHO-02  | SEEK_PARTNER (0.0s) -> SEEK_PARTNER  [partner_separated]  h=40 e=89 s=62  tgt=409px
[16:09:50.954] [STATE_CHANGE        ] ECHO-01  | SEEK_PARTNER (0.0s) -> SEEK_PARTNER  [partner_separated]  h=24 e=70 s=68  tgt=409px
[16:09:50.954] [STATE_CHANGE        ] ECHO-02  | SEEK_PARTNER (0.0s) -> SEEK_PARTNER  [partner_separated]  h=40 e=89 s=62  tgt=409px
[16:09:50.954] [STATE_CHANGE        ] ECHO-01  | SEEK_PARTNER (0.0s) -> SEEK_PARTNER  [partner_separated]  h=24 e=70 s=68  tgt=409px
[16:09:50.954] [STATE_CHANGE        ] ECHO-02  | SEEK_PARTNER (0.0s) -> SEEK_PARTNER  [partner_separated]  h=40 e=89 s=62  tgt=408px
[16:09:50.955] [STATE_CHANGE        ] ECHO-01  | SEEK_PARTNER (0.0s) -> SEEK_PARTNER  [partner_separated]  h=24 e=70 s=68  tgt=408px
[16:09:50.955] [STATE_CHANGE        ] ECHO-02  | SEEK_PARTNER (0.0s) -> SEEK_PARTNER  [partner_separated]  h=40 e=89 s=62  tgt=408px
[16:09:50.955] [STATE_CHANGE        ] ECHO-01  | SEEK_PARTNER (0.0s) -> SEEK_PARTNER  [partner_separated]  h=24 e=70 s=68  tgt=408px
[16:09:50.955] [STATE_CHANGE        ] ECHO-02  | SEEK_PARTNER (0.0s) -> SEEK_PARTNER  [partner_separated]  h=40 e=89 s=62  tgt=407px
[16:09:50.956] [STATE_CHANGE        ] ECHO-01  | SEEK_PARTNER (0.0s) -> SEEK_PARTNER  [partner_separated]  h=24 e=70 s=68  tgt=407px
[16:09:50.956] [STATE_CHANGE        ] ECHO-02  | SEEK_PARTNER (0.0s) -> SEEK_PARTNER  [partner_separated]  h=40 e=89 s=62  tgt=407px
[16:09:50.957] [STATE_CHANGE        ] ECHO-01  | SEEK_PARTNER (0.0s) -> SEEK_PARTNER  [partner_separated]  h=24 e=70 s=68  tgt=407px
[16:09:50.957] [STATE_CHANGE        ] ECHO-02  | SEEK_PARTNER (0.0s) -> SEEK_PARTNER  [partner_separated]  h=40 e=89 s=62  tgt=406px
[16:09:50.958] [STATE_CHANGE        ] ECHO-01  | SEEK_PARTNER (0.0s) -> SEEK_PARTNER  [partner_separated]  h=24 e=70 s=68  tgt=406px
[16:09:50.958] [STATE_CHANGE        ] ECHO-02  | SEEK_PARTNER (0.0s) -> SEEK_PARTNER  [partner_separated]  h=40 e=89 s=62  tgt=406px
[16:09:50.959] [STATE_CHANGE        ] ECHO-01  | SEEK_PARTNER (0.0s) -> SEEK_PARTNER  [partner_separated]  h=25 e=70 s=68  tgt=406px
[16:09:50.959] [STATE_CHANGE        ] ECHO-02  | SEEK_PARTNER (0.0s) -> SEEK_PARTNER  [partner_separated]  h=40 e=89 s=62  tgt=405px
[16:09:50.959] [STATE_CHANGE        ] ECHO-01  | SEEK_PARTNER (0.0s) -> SEEK_PARTNER  [partner_separated]  h=25 e=70 s=68  tgt=405px
[16:09:50.959] [STATE_CHANGE        ] ECHO-02  | SEEK_PARTNER (0.0s) -> SEEK_PARTNER  [partner_separated]  h=40 e=89 s=62  tgt=405px
[16:09:50.960] [STATE_CHANGE        ] ECHO-01  | SEEK_PARTNER (0.0s) -> SEEK_PARTNER  [partner_separated]  h=25 e=70 s=68  tgt=405px
[16:09:50.960] [STATE_CHANGE        ] ECHO-02  | SEEK_PARTNER (0.0s) -> SEEK_PARTNER  [partner_separated]  h=40 e=89 s=62  tgt=404px
[16:09:50.960] [STATE_CHANGE        ] ECHO-01  | SEEK_PARTNER (0.0s) -> SEEK_PARTNER  [partner_separated]  h=25 e=70 s=68  tgt=404px
[16:09:50.960] [STATE_CHANGE        ] ECHO-02  | SEEK_PARTNER (0.0s) -> SEEK_PARTNER  [partner_separated]  h=40 e=89 s=62  tgt=404px
[16:09:50.961] [STATE_CHANGE        ] ECHO-01  | SEEK_PARTNER (0.0s) -> SEEK_PARTNER  [partner_separated]  h=25 e=70 s=68  tgt=404px
[16:09:50.961] [STATE_CHANGE        ] ECHO-02  | SEEK_PARTNER (0.0s) -> SEEK_PARTNER  [partner_separated]  h=40 e=89 s=62  tgt=403px
[16:09:50.961] [STATE_CHANGE        ] ECHO-01  | SEEK_PARTNER (0.0s) -> SEEK_PARTNER  [partner_separated]  h=25 e=70 s=68  tgt=403px
[16:09:50.961] [STATE_CHANGE        ] ECHO-02  | SEEK_PARTNER (0.0s) -> SEEK_PARTNER  [partner_separated]  h=40 e=89 s=62  tgt=403px
[16:09:50.961] [STATE_CHANGE        ] ECHO-01  | SEEK_PARTNER (0.0s) -> SEEK_PARTNER  [partner_separated]  h=25 e=70 s=68  tgt=402px
[16:09:50.961] [STATE_CHANGE        ] ECHO-02  | SEEK_PARTNER (0.0s) -> SEEK_PARTNER  [partner_separated]  h=40 e=89 s=62  tgt=402px
[16:09:50.962] [STATE_CHANGE        ] ECHO-01  | SEEK_PARTNER (0.0s) -> SEEK_PARTNER  [partner_separated]  h=25 e=70 s=68  tgt=402px
[16:09:50.962] [STATE_CHANGE        ] ECHO-02  | SEEK_PARTNER (0.0s) -> SEEK_PARTNER  [partner_separated]  h=41 e=89 s=62  tgt=402px
[16:09:50.962] [STATE_CHANGE        ] ECHO-01  | SEEK_PARTNER (0.0s) -> SEEK_PARTNER  [partner_separated]  h=25 e=70 s=68  tgt=401px
[16:09:50.962] [STATE_CHANGE        ] ECHO-02  | SEEK_PARTNER (0.0s) -> SEEK_PARTNER  [partner_separated]  h=41 e=89 s=62  tgt=401px
[16:09:50.963] [STATE_CHANGE        ] ECHO-01  | SEEK_PARTNER (0.0s) -> SEEK_PARTNER  [partner_separated]  h=25 e=70 s=68  tgt=401px
[16:09:50.963] [STATE_CHANGE        ] ECHO-02  | SEEK_PARTNER (0.0s) -> SEEK_PARTNER  [partner_separated]  h=41 e=89 s=62  tgt=401px
[16:09:50.963] [STATE_CHANGE        ] ECHO-01  | SEEK_PARTNER (0.0s) -> SEEK_PARTNER  [partner_separated]  h=25 e=69 s=68  tgt=400px
[16:09:50.963] [STATE_CHANGE        ] ECHO-02  | SEEK_PARTNER (0.0s) -> SEEK_PARTNER  [partner_separated]  h=41 e=89 s=62  tgt=400px
[16:09:50.963] [STATE_CHANGE        ] ECHO-01  | SEEK_PARTNER (0.0s) -> SEEK_PARTNER  [partner_separated]  h=25 e=69 s=68  tgt=400px
[16:09:50.963] [STATE_CHANGE        ] ECHO-02  | SEEK_PARTNER (0.0s) -> SEEK_PARTNER  [partner_separated]  h=41 e=89 s=62  tgt=400px
[16:09:50.964] [STATE_CHANGE        ] ECHO-01  | SEEK_PARTNER (0.0s) -> SEEK_PARTNER  [partner_separated]  h=25 e=69 s=68  tgt=399px
[16:09:50.964] [STATE_CHANGE        ] ECHO-02  | SEEK_PARTNER (0.0s) -> SEEK_PARTNER  [partner_separated]  h=41 e=89 s=62  tgt=399px
[16:09:50.964] [STATE_CHANGE        ] ECHO-01  | SEEK_PARTNER (0.0s) -> SEEK_PARTNER  [partner_separated]  h=25 e=69 s=68  tgt=399px
[16:09:50.964] [STATE_CHANGE        ] ECHO-02  | SEEK_PARTNER (0.0s) -> SEEK_PARTNER  [partner_separated]  h=41 e=89 s=62  tgt=399px
[16:09:50.964] [STATE_CHANGE        ] ECHO-01  | SEEK_PARTNER (0.0s) -> SEEK_PARTNER  [partner_separated]  h=25 e=69 s=68  tgt=398px
[16:09:50.964] [STATE_CHANGE        ] ECHO-02  | SEEK_PARTNER (0.0s) -> SEEK_PARTNER  [partner_separated]  h=41 e=89 s=62  tgt=398px
[16:09:50.965] [STATE_CHANGE        ] ECHO-01  | SEEK_PARTNER (0.0s) -> SEEK_PARTNER  [partner_separated]  h=26 e=69 s=68  tgt=398px
[16:09:50.965] [STATE_CHANGE        ] ECHO-02  | SEEK_PARTNER (0.0s) -> SEEK_PARTNER  [partner_separated]  h=41 e=89 s=62  tgt=398px
[16:09:50.965] [STATE_CHANGE        ] ECHO-01  | SEEK_PARTNER (0.0s) -> SEEK_PARTNER  [partner_separated]  h=26 e=69 s=68  tgt=397px
[16:09:50.965] [STATE_CHANGE        ] ECHO-02  | SEEK_PARTNER (0.0s) -> SEEK_PARTNER  [partner_separated]  h=41 e=89 s=62  tgt=397px
[16:09:50.965] [STATE_CHANGE        ] ECHO-01  | SEEK_PARTNER (0.0s) -> SEEK_PARTNER  [partner_separated]  h=26 e=69 s=68  tgt=397px
[16:09:50.965] [STATE_CHANGE        ] ECHO-02  | SEEK_PARTNER (0.0s) -> SEEK_PARTNER  [partner_separated]  h=41 e=89 s=62  tgt=397px
[16:09:50.966] [STATE_CHANGE        ] ECHO-01  | SEEK_PARTNER (0.0s) -> SEEK_PARTNER  [partner_separated]  h=26 e=69 s=68  tgt=396px
[16:09:50.966] [STATE_CHANGE        ] ECHO-02  | SEEK_PARTNER (0.0s) -> SEEK_PARTNER  [partner_separated]  h=41 e=88 s=61  tgt=396px
[16:09:50.966] [STATE_CHANGE        ] ECHO-01  | SEEK_PARTNER (0.0s) -> SEEK_PARTNER  [partner_separated]  h=26 e=69 s=68  tgt=396px
[16:09:50.966] [STATE_CHANGE        ] ECHO-02  | SEEK_PARTNER (0.0s) -> SEEK_PARTNER  [partner_separated]  h=41 e=88 s=61  tgt=396px
[16:09:50.966] [STATE_CHANGE        ] ECHO-01  | SEEK_PARTNER (0.0s) -> SEEK_PARTNER  [partner_separated]  h=26 e=69 s=68  tgt=395px
[16:09:50.966] [STATE_CHANGE        ] ECHO-02  | SEEK_PARTNER (0.0s) -> SEEK_PARTNER  [partner_separated]  h=41 e=88 s=61  tgt=395px
[16:09:50.967] [STATE_CHANGE        ] ECHO-01  | SEEK_PARTNER (0.0s) -> SEEK_PARTNER  [partner_separated]  h=26 e=69 s=68  tgt=395px
[16:09:50.967] [STATE_CHANGE        ] ECHO-02  | SEEK_PARTNER (0.0s) -> SEEK_PARTNER  [partner_separated]  h=41 e=88 s=61  tgt=395px
[16:09:50.967] [STATE_CHANGE        ] ECHO-01  | SEEK_PARTNER (0.0s) -> SEEK_PARTNER  [partner_separated]  h=26 e=69 s=68  tgt=394px
[16:09:50.967] [STATE_CHANGE        ] ECHO-02  | SEEK_PARTNER (0.0s) -> SEEK_PARTNER  [partner_separated]  h=42 e=88 s=61  tgt=394px
[16:09:50.967] [STATE_CHANGE        ] ECHO-01  | SEEK_PARTNER (0.0s) -> SEEK_PARTNER  [partner_separated]  h=26 e=69 s=68  tgt=394px
[16:09:50.967] [STATE_CHANGE        ] ECHO-02  | SEEK_PARTNER (0.0s) -> SEEK_PARTNER  [partner_separated]  h=42 e=88 s=61  tgt=394px
[16:09:50.968] [STATE_CHANGE        ] ECHO-01  | SEEK_PARTNER (0.0s) -> SEEK_PARTNER  [partner_separated]  h=26 e=69 s=68  tgt=393px
[16:09:50.968] [STATE_CHANGE        ] ECHO-02  | SEEK_PARTNER (0.0s) -> SEEK_PARTNER  [partner_separated]  h=42 e=88 s=61  tgt=393px
[16:09:50.968] [STATE_CHANGE        ] ECHO-01  | SEEK_PARTNER (0.0s) -> SEEK_PARTNER  [partner_separated]  h=26 e=69 s=68  tgt=393px
[16:09:50.968] [STATE_CHANGE        ] ECHO-02  | SEEK_PARTNER (0.0s) -> SEEK_PARTNER  [partner_separated]  h=42 e=88 s=61  tgt=393px
[16:09:50.968] [STATE_CHANGE        ] ECHO-01  | SEEK_PARTNER (0.0s) -> SEEK_PARTNER  [partner_separated]  h=26 e=69 s=67  tgt=392px
[16:09:50.968] [STATE_CHANGE        ] ECHO-02  | SEEK_PARTNER (0.0s) -> SEEK_PARTNER  [partner_separated]  h=42 e=88 s=61  tgt=392px
[16:09:50.969] [STATE_CHANGE        ] ECHO-01  | SEEK_PARTNER (0.0s) -> SEEK_PARTNER  [partner_separated]  h=26 e=69 s=67  tgt=392px
[16:09:50.969] [STATE_CHANGE        ] ECHO-02  | SEEK_PARTNER (0.0s) -> SEEK_PARTNER  [partner_separated]  h=42 e=88 s=61  tgt=391px
[16:09:50.969] [STATE_CHANGE        ] ECHO-01  | SEEK_PARTNER (0.0s) -> SEEK_PARTNER  [partner_separated]  h=26 e=69 s=67  tgt=391px
[16:09:50.969] [STATE_CHANGE        ] ECHO-02  | SEEK_PARTNER (0.0s) -> SEEK_PARTNER  [partner_separated]  h=42 e=88 s=61  tgt=391px
[16:09:50.969] [STATE_CHANGE        ] ECHO-01  | SEEK_PARTNER (0.0s) -> SEEK_PARTNER  [partner_separated]  h=26 e=69 s=67  tgt=391px
[16:09:50.969] [STATE_CHANGE        ] ECHO-02  | SEEK_PARTNER (0.0s) -> SEEK_PARTNER  [partner_separated]  h=42 e=88 s=61  tgt=390px
[16:09:50.970] [STATE_CHANGE        ] ECHO-01  | SEEK_PARTNER (0.0s) -> SEEK_PARTNER  [partner_separated]  h=27 e=69 s=67  tgt=390px
[16:09:50.970] [STATE_CHANGE        ] ECHO-02  | SEEK_PARTNER (0.0s) -> SEEK_PARTNER  [partner_separated]  h=42 e=88 s=61  tgt=390px
[16:09:50.970] [STATE_CHANGE        ] ECHO-01  | SEEK_PARTNER (0.0s) -> SEEK_PARTNER  [partner_separated]  h=27 e=69 s=67  tgt=390px
[16:09:50.970] [STATE_CHANGE        ] ECHO-02  | SEEK_PARTNER (0.0s) -> SEEK_PARTNER  [partner_separated]  h=42 e=88 s=61  tgt=389px
[16:09:50.970] [STATE_CHANGE        ] ECHO-01  | SEEK_PARTNER (0.0s) -> SEEK_PARTNER  [partner_separated]  h=27 e=69 s=67  tgt=389px
[16:09:50.970] [STATE_CHANGE        ] ECHO-02  | SEEK_PARTNER (0.0s) -> SEEK_PARTNER  [partner_separated]  h=42 e=88 s=61  tgt=389px
[16:09:50.971] [STATE_CHANGE        ] ECHO-01  | SEEK_PARTNER (0.0s) -> SEEK_PARTNER  [partner_separated]  h=27 e=69 s=67  tgt=389px
[16:09:50.971] [STATE_CHANGE        ] ECHO-02  | SEEK_PARTNER (0.0s) -> SEEK_PARTNER  [partner_separated]  h=42 e=88 s=61  tgt=388px
[16:09:50.971] [STATE_CHANGE        ] ECHO-01  | SEEK_PARTNER (0.0s) -> SEEK_PARTNER  [partner_separated]  h=27 e=69 s=67  tgt=388px
[16:09:50.971] [STATE_CHANGE        ] ECHO-02  | SEEK_PARTNER (0.0s) -> SEEK_PARTNER  [partner_separated]  h=42 e=88 s=61  tgt=388px
[16:09:50.971] [STATE_CHANGE        ] ECHO-01  | SEEK_PARTNER (0.0s) -> SEEK_PARTNER  [partner_separated]  h=27 e=69 s=67  tgt=388px
[16:09:50.972] [STATE_CHANGE        ] ECHO-02  | SEEK_PARTNER (0.0s) -> SEEK_PARTNER  [partner_separated]  h=42 e=88 s=61  tgt=387px
[16:09:50.972] [STATE_CHANGE        ] ECHO-01  | SEEK_PARTNER (0.0s) -> SEEK_PARTNER  [partner_separated]  h=27 e=69 s=67  tgt=387px
[16:09:50.973] [STATE_CHANGE        ] ECHO-02  | SEEK_PARTNER (0.0s) -> SEEK_PARTNER  [partner_separated]  h=42 e=88 s=61  tgt=387px
[16:09:50.974] [STATE_CHANGE        ] ECHO-01  | SEEK_PARTNER (0.0s) -> SEEK_PARTNER  [partner_separated]  h=27 e=69 s=67  tgt=387px
[16:09:50.974] [STATE_CHANGE        ] ECHO-02  | SEEK_PARTNER (0.0s) -> SEEK_PARTNER  [partner_separated]  h=43 e=88 s=61  tgt=386px
[16:09:50.975] [STATE_CHANGE        ] ECHO-01  | SEEK_PARTNER (0.0s) -> SEEK_PARTNER  [partner_separated]  h=27 e=69 s=67  tgt=386px
[16:09:50.975] [STATE_CHANGE        ] ECHO-02  | SEEK_PARTNER (0.0s) -> SEEK_PARTNER  [partner_separated]  h=43 e=88 s=61  tgt=386px
[16:09:50.976] [STATE_CHANGE        ] ECHO-01  | SEEK_PARTNER (0.0s) -> SEEK_PARTNER  [partner_separated]  h=27 e=69 s=67  tgt=385px
[16:09:50.976] [STATE_CHANGE        ] ECHO-02  | SEEK_PARTNER (0.0s) -> SEEK_PARTNER  [partner_separated]  h=43 e=88 s=61  tgt=385px
[16:09:50.976] [STATE_CHANGE        ] ECHO-01  | SEEK_PARTNER (0.0s) -> SEEK_PARTNER  [partner_separated]  h=27 e=69 s=67  tgt=385px
[16:09:50.977] [STATE_CHANGE        ] ECHO-02  | SEEK_PARTNER (0.0s) -> SEEK_PARTNER  [partner_separated]  h=43 e=88 s=61  tgt=385px
[16:09:50.977] [STATE_CHANGE        ] ECHO-01  | SEEK_PARTNER (0.0s) -> SEEK_PARTNER  [partner_separated]  h=27 e=69 s=67  tgt=384px
[16:09:50.977] [STATE_CHANGE        ] ECHO-02  | SEEK_PARTNER (0.0s) -> SEEK_PARTNER  [partner_separated]  h=43 e=88 s=61  tgt=384px
[16:09:50.977] [STATE_CHANGE        ] ECHO-01  | SEEK_PARTNER (0.0s) -> SEEK_PARTNER  [partner_separated]  h=27 e=69 s=67  tgt=384px
[16:09:50.978] [STATE_CHANGE        ] ECHO-02  | SEEK_PARTNER (0.0s) -> SEEK_PARTNER  [partner_separated]  h=43 e=88 s=61  tgt=384px
[16:09:50.978] [STATE_CHANGE        ] ECHO-01  | SEEK_PARTNER (0.0s) -> SEEK_PARTNER  [partner_separated]  h=27 e=69 s=67  tgt=383px
[16:09:50.978] [STATE_CHANGE        ] ECHO-02  | SEEK_PARTNER (0.0s) -> SEEK_PARTNER  [partner_separated]  h=43 e=88 s=61  tgt=383px
[16:09:50.978] [STATE_CHANGE        ] ECHO-01  | SEEK_PARTNER (0.0s) -> SEEK_PARTNER  [partner_separated]  h=27 e=69 s=67  tgt=383px
[16:09:50.978] [STATE_CHANGE        ] ECHO-02  | SEEK_PARTNER (0.0s) -> SEEK_PARTNER  [partner_separated]  h=43 e=88 s=61  tgt=383px
[16:09:50.979] [STATE_CHANGE        ] ECHO-01  | SEEK_PARTNER (0.0s) -> SEEK_PARTNER  [partner_separated]  h=28 e=69 s=67  tgt=382px
[16:09:50.979] [STATE_CHANGE        ] ECHO-02  | SEEK_PARTNER (0.0s) -> SEEK_PARTNER  [partner_separated]  h=43 e=88 s=61  tgt=382px
[16:09:50.979] [STATE_CHANGE        ] ECHO-01  | SEEK_PARTNER (0.0s) -> SEEK_PARTNER  [partner_separated]  h=28 e=69 s=67  tgt=382px
[16:09:50.979] [STATE_CHANGE        ] ECHO-02  | SEEK_PARTNER (0.0s) -> SEEK_PARTNER  [partner_separated]  h=43 e=88 s=61  tgt=382px
[16:09:50.979] [STATE_CHANGE        ] ECHO-01  | SEEK_PARTNER (0.0s) -> SEEK_PARTNER  [partner_separated]  h=28 e=69 s=67  tgt=381px
[16:09:50.979] [STATE_CHANGE        ] ECHO-02  | SEEK_PARTNER (0.0s) -> SEEK_PARTNER  [partner_separated]  h=43 e=88 s=61  tgt=381px
[16:09:50.980] [STATE_CHANGE        ] ECHO-01  | SEEK_PARTNER (0.0s) -> SEEK_PARTNER  [partner_separated]  h=28 e=69 s=67  tgt=381px
[16:09:50.980] [STATE_CHANGE        ] ECHO-02  | SEEK_PARTNER (0.0s) -> SEEK_PARTNER  [partner_separated]  h=43 e=88 s=61  tgt=381px
[16:09:50.980] [STATE_CHANGE        ] ECHO-01  | SEEK_PARTNER (0.0s) -> SEEK_PARTNER  [partner_separated]  h=28 e=69 s=67  tgt=380px
[16:09:50.980] [STATE_CHANGE        ] ECHO-02  | SEEK_PARTNER (0.0s) -> SEEK_PARTNER  [partner_separated]  h=43 e=88 s=61  tgt=380px
[16:09:50.980] [STATE_CHANGE        ] ECHO-01  | SEEK_PARTNER (0.0s) -> SEEK_PARTNER  [partner_separated]  h=28 e=69 s=67  tgt=380px
[16:09:50.980] [STATE_CHANGE        ] ECHO-02  | SEEK_PARTNER (0.0s) -> SEEK_PARTNER  [partner_separated]  h=43 e=88 s=61  tgt=380px
[16:09:50.981] [STATE_CHANGE        ] ECHO-01  | SEEK_PARTNER (0.0s) -> SEEK_PARTNER  [partner_separated]  h=28 e=69 s=67  tgt=379px
[16:09:50.981] [STATE_CHANGE        ] ECHO-02  | SEEK_PARTNER (0.0s) -> SEEK_PARTNER  [partner_separated]  h=43 e=88 s=61  tgt=379px
[16:09:50.981] [STATE_CHANGE        ] ECHO-01  | SEEK_PARTNER (0.0s) -> SEEK_PARTNER  [partner_separated]  h=28 e=69 s=67  tgt=379px
[16:09:50.981] [STATE_CHANGE        ] ECHO-02  | SEEK_PARTNER (0.0s) -> SEEK_PARTNER  [partner_separated]  h=44 e=88 s=61  tgt=379px
[16:09:50.981] [STATE_CHANGE        ] ECHO-01  | SEEK_PARTNER (0.0s) -> SEEK_PARTNER  [partner_separated]  h=28 e=69 s=67  tgt=378px
[16:09:50.981] [STATE_CHANGE        ] ECHO-02  | SEEK_PARTNER (0.0s) -> SEEK_PARTNER  [partner_separated]  h=44 e=88 s=61  tgt=378px
[16:09:50.982] [STATE_CHANGE        ] ECHO-01  | SEEK_PARTNER (0.0s) -> SEEK_PARTNER  [partner_separated]  h=28 e=69 s=67  tgt=378px
[16:09:50.982] [STATE_CHANGE        ] ECHO-02  | SEEK_PARTNER (0.0s) -> SEEK_PARTNER  [partner_separated]  h=44 e=88 s=61  tgt=378px
[16:09:50.982] [STATE_CHANGE        ] ECHO-01  | SEEK_PARTNER (0.0s) -> SEEK_PARTNER  [partner_separated]  h=28 e=69 s=67  tgt=377px
[16:09:50.982] [STATE_CHANGE        ] ECHO-02  | SEEK_PARTNER (0.0s) -> SEEK_PARTNER  [partner_separated]  h=44 e=88 s=61  tgt=377px
[16:09:50.982] [STATE_CHANGE        ] ECHO-01  | SEEK_PARTNER (0.0s) -> SEEK_PARTNER  [partner_separated]  h=28 e=69 s=67  tgt=377px
[16:09:50.982] [STATE_CHANGE        ] ECHO-02  | SEEK_PARTNER (0.0s) -> SEEK_PARTNER  [partner_separated]  h=44 e=88 s=61  tgt=377px
[16:09:50.983] [STATE_CHANGE        ] ECHO-01  | SEEK_PARTNER (0.0s) -> SEEK_PARTNER  [partner_separated]  h=28 e=69 s=67  tgt=376px
[16:09:50.983] [STATE_CHANGE        ] ECHO-02  | SEEK_PARTNER (0.0s) -> SEEK_PARTNER  [partner_separated]  h=44 e=88 s=61  tgt=376px
[16:09:50.983] [STATE_CHANGE        ] ECHO-01  | SEEK_PARTNER (0.0s) -> SEEK_PARTNER  [partner_separated]  h=28 e=69 s=67  tgt=376px
[16:09:50.983] [STATE_CHANGE        ] ECHO-02  | SEEK_PARTNER (0.0s) -> SEEK_PARTNER  [partner_separated]  h=44 e=88 s=60  tgt=375px
[16:09:50.983] [STATE_CHANGE        ] ECHO-01  | SEEK_PARTNER (0.0s) -> SEEK_PARTNER  [partner_separated]  h=28 e=69 s=67  tgt=375px
[16:09:50.983] [STATE_CHANGE        ] ECHO-02  | SEEK_PARTNER (0.0s) -> SEEK_PARTNER  [partner_separated]  h=44 e=88 s=60  tgt=375px
[16:09:50.984] [STATE_CHANGE        ] ECHO-01  | SEEK_PARTNER (0.0s) -> SEEK_PARTNER  [partner_separated]  h=29 e=69 s=67  tgt=375px
[16:09:50.984] [STATE_CHANGE        ] ECHO-02  | SEEK_PARTNER (0.0s) -> SEEK_PARTNER  [partner_separated]  h=44 e=88 s=60  tgt=374px
[16:09:50.984] [STATE_CHANGE        ] ECHO-01  | SEEK_PARTNER (0.0s) -> SEEK_PARTNER  [partner_separated]  h=29 e=69 s=67  tgt=374px
[16:09:50.984] [STATE_CHANGE        ] ECHO-02  | SEEK_PARTNER (0.0s) -> SEEK_PARTNER  [partner_separated]  h=44 e=88 s=60  tgt=374px
[16:09:50.984] [STATE_CHANGE        ] ECHO-01  | SEEK_PARTNER (0.0s) -> SEEK_PARTNER  [partner_separated]  h=29 e=69 s=67  tgt=374px
[16:09:50.984] [STATE_CHANGE        ] ECHO-02  | SEEK_PARTNER (0.0s) -> SEEK_PARTNER  [partner_separated]  h=44 e=88 s=60  tgt=373px
[16:09:50.985] [STATE_CHANGE        ] ECHO-01  | SEEK_PARTNER (0.0s) -> SEEK_PARTNER  [partner_separated]  h=29 e=69 s=67  tgt=373px
[16:09:50.985] [STATE_CHANGE        ] ECHO-02  | SEEK_PARTNER (0.0s) -> SEEK_PARTNER  [partner_separated]  h=44 e=88 s=60  tgt=373px
[16:09:50.985] [STATE_CHANGE        ] ECHO-01  | SEEK_PARTNER (0.0s) -> SEEK_PARTNER  [partner_separated]  h=29 e=69 s=67  tgt=373px
[16:09:50.985] [STATE_CHANGE        ] ECHO-02  | SEEK_PARTNER (0.0s) -> SEEK_PARTNER  [partner_separated]  h=44 e=88 s=60  tgt=372px
[16:09:50.986] [STATE_CHANGE        ] ECHO-01  | SEEK_PARTNER (0.0s) -> SEEK_PARTNER  [partner_separated]  h=29 e=69 s=67  tgt=372px
[16:09:50.986] [STATE_CHANGE        ] ECHO-02  | SEEK_PARTNER (0.0s) -> SEEK_PARTNER  [partner_separated]  h=44 e=88 s=60  tgt=372px
[16:09:50.986] [STATE_CHANGE        ] ECHO-01  | SEEK_PARTNER (0.0s) -> SEEK_PARTNER  [partner_separated]  h=29 e=69 s=66  tgt=372px
[16:09:50.986] [STATE_CHANGE        ] ECHO-02  | SEEK_PARTNER (0.0s) -> SEEK_PARTNER  [partner_separated]  h=44 e=88 s=60  tgt=371px
[16:09:50.986] [STATE_CHANGE        ] ECHO-01  | SEEK_PARTNER (0.0s) -> SEEK_PARTNER  [partner_separated]  h=29 e=69 s=66  tgt=371px
[16:09:50.986] [STATE_CHANGE        ] ECHO-02  | SEEK_PARTNER (0.0s) -> SEEK_PARTNER  [partner_separated]  h=45 e=88 s=60  tgt=371px
[16:09:50.987] [STATE_CHANGE        ] ECHO-01  | SEEK_PARTNER (0.0s) -> SEEK_PARTNER  [partner_separated]  h=29 e=69 s=66  tgt=371px
[16:09:50.987] [STATE_CHANGE        ] ECHO-02  | SEEK_PARTNER (0.0s) -> SEEK_PARTNER  [partner_separated]  h=45 e=88 s=60  tgt=370px
[16:09:50.987] [STATE_CHANGE        ] ECHO-01  | SEEK_PARTNER (0.0s) -> SEEK_PARTNER  [partner_separated]  h=29 e=68 s=66  tgt=370px
[16:09:50.987] [STATE_CHANGE        ] ECHO-02  | SEEK_PARTNER (0.0s) -> SEEK_PARTNER  [partner_separated]  h=45 e=88 s=60  tgt=370px
[16:09:50.988] [STATE_CHANGE        ] ECHO-01  | SEEK_PARTNER (0.0s) -> SEEK_PARTNER  [partner_separated]  h=29 e=68 s=66  tgt=369px
[16:09:50.988] [STATE_CHANGE        ] ECHO-02  | SEEK_PARTNER (0.0s) -> SEEK_PARTNER  [partner_separated]  h=45 e=88 s=60  tgt=369px
[16:09:50.989] [STATE_CHANGE        ] ECHO-01  | SEEK_PARTNER (0.0s) -> SEEK_PARTNER  [partner_separated]  h=29 e=68 s=66  tgt=369px
[16:09:50.989] [STATE_CHANGE        ] ECHO-02  | SEEK_PARTNER (0.0s) -> SEEK_PARTNER  [partner_separated]  h=45 e=88 s=60  tgt=369px
[16:09:50.990] [STATE_CHANGE        ] ECHO-01  | SEEK_PARTNER (0.0s) -> SEEK_PARTNER  [partner_separated]  h=29 e=68 s=66  tgt=368px
[16:09:50.991] [STATE_CHANGE        ] ECHO-02  | SEEK_PARTNER (0.0s) -> SEEK_PARTNER  [partner_separated]  h=45 e=88 s=60  tgt=368px
[16:09:50.991] [STATE_CHANGE        ] ECHO-01  | SEEK_PARTNER (0.0s) -> SEEK_PARTNER  [partner_separated]  h=29 e=68 s=66  tgt=368px
[16:09:50.992] [STATE_CHANGE        ] ECHO-02  | SEEK_PARTNER (0.0s) -> SEEK_PARTNER  [partner_separated]  h=45 e=88 s=60  tgt=368px
[16:09:50.992] [STATE_CHANGE        ] ECHO-01  | SEEK_PARTNER (0.0s) -> SEEK_PARTNER  [partner_separated]  h=29 e=68 s=66  tgt=367px
[16:09:50.992] [STATE_CHANGE        ] ECHO-02  | SEEK_PARTNER (0.0s) -> SEEK_PARTNER  [partner_separated]  h=45 e=88 s=60  tgt=367px
[16:09:50.993] [STATE_CHANGE        ] ECHO-01  | SEEK_PARTNER (0.0s) -> SEEK_PARTNER  [partner_separated]  h=30 e=68 s=66  tgt=367px
[16:09:50.993] [STATE_CHANGE        ] ECHO-02  | SEEK_PARTNER (0.0s) -> SEEK_PARTNER  [partner_separated]  h=45 e=88 s=60  tgt=367px
[16:09:50.993] [STATE_CHANGE        ] ECHO-01  | SEEK_PARTNER (0.0s) -> SEEK_PARTNER  [partner_separated]  h=30 e=68 s=66  tgt=366px
[16:09:50.994] [STATE_CHANGE        ] ECHO-02  | SEEK_PARTNER (0.0s) -> SEEK_PARTNER  [partner_separated]  h=45 e=88 s=60  tgt=366px
[16:09:50.994] [STATE_CHANGE        ] ECHO-01  | SEEK_PARTNER (0.0s) -> SEEK_PARTNER  [partner_separated]  h=30 e=68 s=66  tgt=366px
[16:09:50.994] [STATE_CHANGE        ] ECHO-02  | SEEK_PARTNER (0.0s) -> SEEK_PARTNER  [partner_separated]  h=45 e=87 s=60  tgt=366px
[16:09:50.995] [STATE_CHANGE        ] ECHO-01  | SEEK_PARTNER (0.0s) -> SEEK_PARTNER  [partner_separated]  h=30 e=68 s=66  tgt=365px
[16:09:50.995] [STATE_CHANGE        ] ECHO-02  | SEEK_PARTNER (0.0s) -> SEEK_PARTNER  [partner_separated]  h=45 e=87 s=60  tgt=365px
[16:09:50.995] [STATE_CHANGE        ] ECHO-01  | SEEK_PARTNER (0.0s) -> SEEK_PARTNER  [partner_separated]  h=30 e=68 s=66  tgt=365px
[16:09:50.995] [STATE_CHANGE        ] ECHO-02  | SEEK_PARTNER (0.0s) -> SEEK_PARTNER  [partner_separated]  h=45 e=87 s=60  tgt=365px
[16:09:50.995] [STATE_CHANGE        ] ECHO-03  | WANDER (2.0s) -> SEEK_FOOD  [normal]  h=58 e=70 s=81
[16:09:50.996] [FOOD_CLAIM          ] ECHO-03  | food at (773,448)
[16:09:50.996] [STATE_CHANGE        ] ECHO-08  | WANDER (2.0s) -> SEEK_FOOD  [normal]  h=56 e=65 s=77
[16:09:50.996] [FOOD_CLAIM          ] ECHO-08  | food at (457,367)
[16:09:50.996] [STATE_CHANGE        ] ECHO-11  | WANDER (2.0s) -> SEEK_FOOD  [normal]  h=60 e=71 s=75
[16:09:50.996] [FOOD_CLAIM          ] ECHO-11  | food at (820,362)
[16:09:50.996] [STATE_CHANGE        ] ECHO-01  | SEEK_PARTNER (0.0s) -> SEEK_PARTNER  [partner_separated]  h=30 e=68 s=66  tgt=364px
[16:09:50.996] [STATE_CHANGE        ] ECHO-02  | SEEK_PARTNER (0.0s) -> SEEK_PARTNER  [partner_separated]  h=45 e=87 s=60  tgt=364px
[16:09:50.997] [STATE_CHANGE        ] ECHO-01  | SEEK_PARTNER (0.0s) -> SEEK_PARTNER  [partner_separated]  h=30 e=68 s=66  tgt=364px
[16:09:50.997] [STATE_CHANGE        ] ECHO-02  | SEEK_PARTNER (0.0s) -> SEEK_PARTNER  [partner_separated]  h=45 e=87 s=60  tgt=364px
[16:09:50.997] [STATE_CHANGE        ] ECHO-01  | SEEK_PARTNER (0.0s) -> SEEK_PARTNER  [partner_separated]  h=30 e=68 s=66  tgt=363px
[16:09:50.997] [STATE_CHANGE        ] ECHO-02  | SEEK_PARTNER (0.0s) -> SEEK_PARTNER  [partner_separated]  h=46 e=87 s=60  tgt=363px
[16:09:50.997] [STATE_CHANGE        ] ECHO-01  | SEEK_PARTNER (0.0s) -> SEEK_PARTNER  [partner_separated]  h=30 e=68 s=66  tgt=363px
[16:09:50.997] [STATE_CHANGE        ] ECHO-02  | SEEK_PARTNER (0.0s) -> SEEK_PARTNER  [partner_separated]  h=46 e=87 s=60  tgt=363px
[16:09:50.998] [STATE_CHANGE        ] ECHO-01  | SEEK_PARTNER (0.0s) -> SEEK_PARTNER  [partner_separated]  h=30 e=68 s=66  tgt=362px
[16:09:50.998] [STATE_CHANGE        ] ECHO-02  | SEEK_PARTNER (0.0s) -> SEEK_PARTNER  [partner_separated]  h=46 e=87 s=60  tgt=362px
[16:09:50.998] [STATE_CHANGE        ] ECHO-01  | SEEK_PARTNER (0.0s) -> SEEK_PARTNER  [partner_separated]  h=30 e=68 s=66  tgt=362px
[16:09:50.998] [STATE_CHANGE        ] ECHO-02  | SEEK_PARTNER (0.0s) -> SEEK_PARTNER  [partner_separated]  h=46 e=87 s=60  tgt=362px
[16:09:50.998] [STATE_CHANGE        ] ECHO-01  | SEEK_PARTNER (0.0s) -> SEEK_PARTNER  [partner_separated]  h=30 e=68 s=66  tgt=361px
[16:09:50.998] [STATE_CHANGE        ] ECHO-02  | SEEK_PARTNER (0.0s) -> SEEK_PARTNER  [partner_separated]  h=46 e=87 s=60  tgt=361px
[16:09:50.999] [STATE_CHANGE        ] ECHO-01  | SEEK_PARTNER (0.0s) -> SEEK_PARTNER  [partner_separated]  h=30 e=68 s=66  tgt=361px
[16:09:50.999] [STATE_CHANGE        ] ECHO-02  | SEEK_PARTNER (0.0s) -> SEEK_PARTNER  [partner_separated]  h=46 e=87 s=60  tgt=361px
[16:09:50.999] [STATE_CHANGE        ] ECHO-01  | SEEK_PARTNER (0.0s) -> SEEK_PARTNER  [partner_separated]  h=30 e=68 s=66  tgt=360px
[16:09:50.999] [STATE_CHANGE        ] ECHO-02  | SEEK_PARTNER (0.0s) -> SEEK_PARTNER  [partner_separated]  h=46 e=87 s=60  tgt=360px
[16:09:50.999] [STATE_CHANGE        ] ECHO-01  | SEEK_PARTNER (0.0s) -> SEEK_PARTNER  [partner_separated]  h=30 e=68 s=66  tgt=360px
[16:09:50.999] [STATE_CHANGE        ] ECHO-02  | SEEK_PARTNER (0.0s) -> SEEK_PARTNER  [partner_separated]  h=46 e=87 s=60  tgt=360px
[16:09:51.000] [STATE_CHANGE        ] ECHO-01  | SEEK_PARTNER (0.0s) -> SEEK_PARTNER  [partner_separated]  h=31 e=68 s=66  tgt=359px
[16:09:51.000] [STATE_CHANGE        ] ECHO-02  | SEEK_PARTNER (0.0s) -> SEEK_PARTNER  [partner_separated]  h=46 e=87 s=60  tgt=359px
[16:09:51.000] [STATE_CHANGE        ] ECHO-01  | SEEK_PARTNER (0.0s) -> SEEK_PARTNER  [partner_separated]  h=31 e=68 s=66  tgt=359px
[16:09:51.000] [STATE_CHANGE        ] ECHO-02  | SEEK_PARTNER (0.0s) -> SEEK_PARTNER  [partner_separated]  h=46 e=87 s=60  tgt=359px
[16:09:51.000] [STATE_CHANGE        ] ECHO-01  | SEEK_PARTNER (0.0s) -> SEEK_PARTNER  [partner_separated]  h=31 e=68 s=66  tgt=358px
[16:09:51.000] [STATE_CHANGE        ] ECHO-02  | SEEK_PARTNER (0.0s) -> SEEK_PARTNER  [partner_separated]  h=46 e=87 s=60  tgt=358px
[16:09:51.001] [STATE_CHANGE        ] ECHO-01  | SEEK_PARTNER (0.0s) -> SEEK_PARTNER  [partner_separated]  h=31 e=68 s=66  tgt=358px
[16:09:51.001] [STATE_CHANGE        ] ECHO-02  | SEEK_PARTNER (0.0s) -> SEEK_PARTNER  [partner_separated]  h=46 e=87 s=60  tgt=357px
[16:09:51.001] [STATE_CHANGE        ] ECHO-01  | SEEK_PARTNER (0.0s) -> SEEK_PARTNER  [partner_separated]  h=31 e=68 s=66  tgt=357px
[16:09:51.001] [STATE_CHANGE        ] ECHO-02  | SEEK_PARTNER (0.0s) -> SEEK_PARTNER  [partner_separated]  h=46 e=87 s=60  tgt=357px
[16:09:51.001] [STATE_CHANGE        ] ECHO-01  | SEEK_PARTNER (0.0s) -> SEEK_PARTNER  [partner_separated]  h=31 e=68 s=66  tgt=357px
[16:09:51.001] [STATE_CHANGE        ] ECHO-02  | SEEK_PARTNER (0.0s) -> SEEK_PARTNER  [partner_separated]  h=46 e=87 s=60  tgt=356px
[16:09:51.002] [STATE_CHANGE        ] ECHO-01  | SEEK_PARTNER (0.0s) -> SEEK_PARTNER  [partner_separated]  h=31 e=68 s=66  tgt=356px
[16:09:51.002] [STATE_CHANGE        ] ECHO-02  | SEEK_PARTNER (0.0s) -> SEEK_PARTNER  [partner_separated]  h=46 e=87 s=60  tgt=356px
[16:09:51.002] [STATE_CHANGE        ] ECHO-01  | SEEK_PARTNER (0.0s) -> SEEK_PARTNER  [partner_separated]  h=31 e=68 s=66  tgt=356px
[16:09:51.002] [STATE_CHANGE        ] ECHO-02  | SEEK_PARTNER (0.0s) -> SEEK_PARTNER  [partner_separated]  h=47 e=87 s=60  tgt=355px
[16:09:51.003] [STATE_CHANGE        ] ECHO-01  | SEEK_PARTNER (0.0s) -> SEEK_PARTNER  [partner_separated]  h=31 e=68 s=66  tgt=355px
[16:09:51.003] [STATE_CHANGE        ] ECHO-02  | SEEK_PARTNER (0.0s) -> SEEK_PARTNER  [partner_separated]  h=47 e=87 s=59  tgt=355px
[16:09:51.003] [STATE_CHANGE        ] ECHO-01  | SEEK_PARTNER (0.0s) -> SEEK_PARTNER  [partner_separated]  h=31 e=68 s=66  tgt=355px
[16:09:51.003] [STATE_CHANGE        ] ECHO-02  | SEEK_PARTNER (0.0s) -> SEEK_PARTNER  [partner_separated]  h=47 e=87 s=59  tgt=354px
[16:09:51.004] [STATE_CHANGE        ] ECHO-01  | SEEK_PARTNER (0.0s) -> SEEK_PARTNER  [partner_separated]  h=31 e=68 s=66  tgt=354px
[16:09:51.004] [STATE_CHANGE        ] ECHO-02  | SEEK_PARTNER (0.0s) -> SEEK_PARTNER  [partner_separated]  h=47 e=87 s=59  tgt=354px
[16:09:51.004] [STATE_CHANGE        ] ECHO-01  | SEEK_PARTNER (0.0s) -> SEEK_PARTNER  [partner_separated]  h=31 e=68 s=66  tgt=354px
[16:09:51.004] [STATE_CHANGE        ] ECHO-02  | SEEK_PARTNER (0.0s) -> SEEK_PARTNER  [partner_separated]  h=47 e=87 s=59  tgt=353px
[16:09:51.004] [STATE_CHANGE        ] ECHO-01  | SEEK_PARTNER (0.0s) -> SEEK_PARTNER  [partner_separated]  h=31 e=68 s=66  tgt=353px
[16:09:51.004] [STATE_CHANGE        ] ECHO-02  | SEEK_PARTNER (0.0s) -> SEEK_PARTNER  [partner_separated]  h=47 e=87 s=59  tgt=353px
[16:09:51.005] [STATE_CHANGE        ] ECHO-01  | SEEK_PARTNER (0.0s) -> SEEK_PARTNER  [partner_separated]  h=31 e=68 s=66  tgt=353px
[16:09:51.005] [STATE_CHANGE        ] ECHO-02  | SEEK_PARTNER (0.0s) -> SEEK_PARTNER  [partner_separated]  h=47 e=87 s=59  tgt=352px
[16:09:51.005] [STATE_CHANGE        ] ECHO-05  | WANDER (2.4s) -> SEEK_FOOD  [normal]  h=55 e=64 s=30
[16:09:51.006] [STATE_CHANGE        ] ECHO-01  | SEEK_PARTNER (0.0s) -> SEEK_PARTNER  [partner_separated]  h=31 e=68 s=66  tgt=352px
[16:09:51.006] [STATE_CHANGE        ] ECHO-02  | SEEK_PARTNER (0.0s) -> SEEK_PARTNER  [partner_separated]  h=47 e=87 s=59  tgt=352px
[16:09:51.007] [STATE_CHANGE        ] ECHO-01  | SEEK_PARTNER (0.0s) -> SEEK_PARTNER  [partner_separated]  h=32 e=68 s=66  tgt=351px
[16:09:51.007] [STATE_CHANGE        ] ECHO-02  | SEEK_PARTNER (0.0s) -> SEEK_PARTNER  [partner_separated]  h=47 e=87 s=59  tgt=351px
[16:09:51.008] [STATE_CHANGE        ] ECHO-01  | SEEK_PARTNER (0.0s) -> SEEK_PARTNER  [partner_separated]  h=32 e=68 s=65  tgt=351px
[16:09:51.008] [STATE_CHANGE        ] ECHO-02  | SEEK_PARTNER (0.0s) -> SEEK_PARTNER  [partner_separated]  h=47 e=87 s=59  tgt=351px
[16:09:51.008] [STATE_CHANGE        ] ECHO-01  | SEEK_PARTNER (0.0s) -> SEEK_PARTNER  [partner_separated]  h=32 e=68 s=65  tgt=350px
[16:09:51.008] [STATE_CHANGE        ] ECHO-02  | SEEK_PARTNER (0.0s) -> SEEK_PARTNER  [partner_separated]  h=47 e=87 s=59  tgt=350px
[16:09:51.009] [STATE_CHANGE        ] ECHO-01  | SEEK_PARTNER (0.0s) -> SEEK_PARTNER  [partner_separated]  h=32 e=68 s=65  tgt=350px
[16:09:51.009] [STATE_CHANGE        ] ECHO-02  | SEEK_PARTNER (0.0s) -> SEEK_PARTNER  [partner_separated]  h=47 e=87 s=59  tgt=350px
[16:09:51.009] [STATE_CHANGE        ] ECHO-01  | SEEK_PARTNER (0.0s) -> SEEK_PARTNER  [partner_separated]  h=32 e=68 s=65  tgt=349px
[16:09:51.009] [STATE_CHANGE        ] ECHO-02  | SEEK_PARTNER (0.0s) -> SEEK_PARTNER  [partner_separated]  h=47 e=87 s=59  tgt=349px
[16:09:51.010] [STATE_CHANGE        ] ECHO-01  | SEEK_PARTNER (0.0s) -> SEEK_PARTNER  [partner_separated]  h=32 e=68 s=65  tgt=349px
[16:09:51.010] [STATE_CHANGE        ] ECHO-02  | SEEK_PARTNER (0.0s) -> SEEK_PARTNER  [partner_separated]  h=47 e=87 s=59  tgt=349px
[16:09:51.010] [STATE_CHANGE        ] ECHO-01  | SEEK_PARTNER (0.0s) -> SEEK_PARTNER  [partner_separated]  h=32 e=68 s=65  tgt=348px
[16:09:51.010] [STATE_CHANGE        ] ECHO-02  | SEEK_PARTNER (0.0s) -> SEEK_PARTNER  [partner_separated]  h=47 e=87 s=59  tgt=348px
[16:09:51.011] [STATE_CHANGE        ] ECHO-01  | SEEK_PARTNER (0.0s) -> SEEK_PARTNER  [partner_separated]  h=32 e=68 s=65  tgt=348px
[16:09:51.011] [STATE_CHANGE        ] ECHO-02  | SEEK_PARTNER (0.0s) -> SEEK_PARTNER  [partner_separated]  h=48 e=87 s=59  tgt=348px
[16:09:51.011] [STATE_CHANGE        ] ECHO-01  | SEEK_PARTNER (0.0s) -> SEEK_PARTNER  [partner_separated]  h=32 e=68 s=65  tgt=347px
[16:09:51.011] [STATE_CHANGE        ] ECHO-02  | SEEK_PARTNER (0.0s) -> SEEK_PARTNER  [partner_separated]  h=48 e=87 s=59  tgt=347px
[16:09:51.011] [STATE_CHANGE        ] ECHO-01  | SEEK_PARTNER (0.0s) -> SEEK_PARTNER  [partner_separated]  h=32 e=68 s=65  tgt=347px
[16:09:51.011] [STATE_CHANGE        ] ECHO-02  | SEEK_PARTNER (0.0s) -> SEEK_PARTNER  [partner_separated]  h=48 e=87 s=59  tgt=347px
[16:09:51.012] [STATE_CHANGE        ] ECHO-01  | SEEK_PARTNER (0.0s) -> SEEK_PARTNER  [partner_separated]  h=32 e=68 s=65  tgt=346px
[16:09:51.012] [STATE_CHANGE        ] ECHO-02  | SEEK_PARTNER (0.0s) -> SEEK_PARTNER  [partner_separated]  h=48 e=87 s=59  tgt=346px
[16:09:51.012] [STATE_CHANGE        ] ECHO-01  | SEEK_PARTNER (0.0s) -> SEEK_PARTNER  [partner_separated]  h=32 e=68 s=65  tgt=346px
[16:09:51.012] [STATE_CHANGE        ] ECHO-02  | SEEK_PARTNER (0.0s) -> SEEK_PARTNER  [partner_separated]  h=48 e=87 s=59  tgt=346px
[16:09:51.012] [STATE_CHANGE        ] ECHO-01  | SEEK_PARTNER (0.0s) -> SEEK_PARTNER  [partner_separated]  h=32 e=68 s=65  tgt=345px
[16:09:51.012] [STATE_CHANGE        ] ECHO-02  | SEEK_PARTNER (0.0s) -> SEEK_PARTNER  [partner_separated]  h=48 e=87 s=59  tgt=345px
[16:09:51.013] [STATE_CHANGE        ] ECHO-01  | SEEK_PARTNER (0.0s) -> SEEK_PARTNER  [partner_separated]  h=32 e=68 s=65  tgt=345px
[16:09:51.013] [STATE_CHANGE        ] ECHO-02  | SEEK_PARTNER (0.0s) -> SEEK_PARTNER  [partner_separated]  h=48 e=87 s=59  tgt=345px
[16:09:51.013] [STATE_CHANGE        ] ECHO-01  | SEEK_PARTNER (0.0s) -> SEEK_PARTNER  [partner_separated]  h=32 e=68 s=65  tgt=344px
[16:09:51.013] [STATE_CHANGE        ] ECHO-02  | SEEK_PARTNER (0.0s) -> SEEK_PARTNER  [partner_separated]  h=48 e=87 s=59  tgt=344px
[16:09:51.013] [STATE_CHANGE        ] ECHO-01  | SEEK_PARTNER (0.0s) -> SEEK_PARTNER  [partner_separated]  h=33 e=68 s=65  tgt=344px
[16:09:51.013] [STATE_CHANGE        ] ECHO-02  | SEEK_PARTNER (0.0s) -> SEEK_PARTNER  [partner_separated]  h=48 e=87 s=59  tgt=344px
[16:09:51.014] [STATE_CHANGE        ] ECHO-01  | SEEK_PARTNER (0.0s) -> SEEK_PARTNER  [partner_separated]  h=33 e=68 s=65  tgt=343px
[16:09:51.014] [STATE_CHANGE        ] ECHO-02  | SEEK_PARTNER (0.0s) -> SEEK_PARTNER  [partner_separated]  h=48 e=87 s=59  tgt=343px
[16:09:51.014] [STATE_CHANGE        ] ECHO-01  | SEEK_PARTNER (0.0s) -> SEEK_PARTNER  [partner_separated]  h=33 e=68 s=65  tgt=343px
[16:09:51.014] [STATE_CHANGE        ] ECHO-02  | SEEK_PARTNER (0.0s) -> SEEK_PARTNER  [partner_separated]  h=48 e=87 s=59  tgt=343px
[16:09:51.014] [STATE_CHANGE        ] ECHO-01  | SEEK_PARTNER (0.0s) -> SEEK_PARTNER  [partner_separated]  h=33 e=68 s=65  tgt=342px
[16:09:51.014] [STATE_CHANGE        ] ECHO-02  | SEEK_PARTNER (0.0s) -> SEEK_PARTNER  [partner_separated]  h=48 e=87 s=59  tgt=342px
[16:09:51.015] [STATE_CHANGE        ] ECHO-01  | SEEK_PARTNER (0.0s) -> SEEK_PARTNER  [partner_separated]  h=33 e=68 s=65  tgt=342px
[16:09:51.015] [STATE_CHANGE        ] ECHO-02  | SEEK_PARTNER (0.0s) -> SEEK_PARTNER  [partner_separated]  h=48 e=87 s=59  tgt=342px
[16:09:51.015] [STATE_CHANGE        ] ECHO-01  | SEEK_PARTNER (0.0s) -> SEEK_PARTNER  [partner_separated]  h=33 e=68 s=65  tgt=341px
[16:09:51.015] [STATE_CHANGE        ] ECHO-02  | SEEK_PARTNER (0.0s) -> SEEK_PARTNER  [partner_separated]  h=48 e=87 s=59  tgt=341px
[16:09:51.015] [STATE_CHANGE        ] ECHO-01  | SEEK_PARTNER (0.0s) -> SEEK_PARTNER  [partner_separated]  h=33 e=68 s=65  tgt=341px
[16:09:51.015] [STATE_CHANGE        ] ECHO-02  | SEEK_PARTNER (0.0s) -> SEEK_PARTNER  [partner_separated]  h=48 e=87 s=59  tgt=341px
[16:09:51.016] [STATE_CHANGE        ] ECHO-01  | SEEK_PARTNER (0.0s) -> SEEK_PARTNER  [partner_separated]  h=33 e=67 s=65  tgt=340px
[16:09:51.016] [STATE_CHANGE        ] ECHO-02  | SEEK_PARTNER (0.0s) -> SEEK_PARTNER  [partner_separated]  h=49 e=87 s=59  tgt=340px
[16:09:51.016] [STATE_CHANGE        ] ECHO-01  | SEEK_PARTNER (0.0s) -> SEEK_PARTNER  [partner_separated]  h=33 e=67 s=65  tgt=340px
[16:09:51.016] [STATE_CHANGE        ] ECHO-02  | SEEK_PARTNER (0.0s) -> SEEK_PARTNER  [partner_separated]  h=49 e=87 s=59  tgt=340px
[16:09:51.016] [STATE_CHANGE        ] ECHO-01  | SEEK_PARTNER (0.0s) -> SEEK_PARTNER  [partner_separated]  h=33 e=67 s=65  tgt=339px
[16:09:51.016] [STATE_CHANGE        ] ECHO-02  | SEEK_PARTNER (0.0s) -> SEEK_PARTNER  [partner_separated]  h=49 e=87 s=59  tgt=339px
[16:09:51.017] [STATE_CHANGE        ] ECHO-01  | SEEK_PARTNER (0.0s) -> SEEK_PARTNER  [partner_separated]  h=33 e=67 s=65  tgt=339px
[16:09:51.017] [STATE_CHANGE        ] ECHO-02  | SEEK_PARTNER (0.0s) -> SEEK_PARTNER  [partner_separated]  h=49 e=87 s=59  tgt=338px
[16:09:51.017] [STATE_CHANGE        ] ECHO-01  | SEEK_PARTNER (0.0s) -> SEEK_PARTNER  [partner_separated]  h=33 e=67 s=65  tgt=338px
[16:09:51.017] [STATE_CHANGE        ] ECHO-02  | SEEK_PARTNER (0.0s) -> SEEK_PARTNER  [partner_separated]  h=49 e=87 s=59  tgt=338px
[16:09:51.017] [STATE_CHANGE        ] ECHO-01  | SEEK_PARTNER (0.0s) -> SEEK_PARTNER  [partner_separated]  h=33 e=67 s=65  tgt=338px
[16:09:51.017] [STATE_CHANGE        ] ECHO-02  | SEEK_PARTNER (0.0s) -> SEEK_PARTNER  [partner_separated]  h=49 e=87 s=59  tgt=337px
[16:09:51.018] [STATE_CHANGE        ] ECHO-01  | SEEK_PARTNER (0.0s) -> SEEK_PARTNER  [partner_separated]  h=33 e=67 s=65  tgt=337px
[16:09:51.018] [STATE_CHANGE        ] ECHO-02  | SEEK_PARTNER (0.0s) -> SEEK_PARTNER  [partner_separated]  h=49 e=87 s=59  tgt=337px
[16:09:51.018] [STATE_CHANGE        ] ECHO-01  | SEEK_PARTNER (0.0s) -> SEEK_PARTNER  [partner_separated]  h=33 e=67 s=65  tgt=337px
[16:09:51.018] [STATE_CHANGE        ] ECHO-02  | SEEK_PARTNER (0.0s) -> SEEK_PARTNER  [partner_separated]  h=49 e=87 s=59  tgt=336px
[16:09:51.018] [STATE_CHANGE        ] ECHO-01  | SEEK_PARTNER (0.0s) -> SEEK_PARTNER  [partner_separated]  h=34 e=67 s=65  tgt=336px
[16:09:51.018] [STATE_CHANGE        ] ECHO-02  | SEEK_PARTNER (0.0s) -> SEEK_PARTNER  [partner_separated]  h=49 e=87 s=59  tgt=336px
[16:09:51.019] [CROWD_AVOIDANCE     ] ECHO-09  | seekers_nearby=3 pressure=0.00
[16:09:51.019] [STATE_CHANGE        ] ECHO-01  | SEEK_PARTNER (0.0s) -> SEEK_PARTNER  [partner_separated]  h=34 e=67 s=65  tgt=336px
[16:09:51.019] [STATE_CHANGE        ] ECHO-02  | SEEK_PARTNER (0.0s) -> SEEK_PARTNER  [partner_separated]  h=49 e=86 s=59  tgt=335px
[16:09:51.019] [STATE_CHANGE        ] ECHO-01  | SEEK_PARTNER (0.0s) -> SEEK_PARTNER  [partner_separated]  h=34 e=67 s=65  tgt=335px
[16:09:51.019] [STATE_CHANGE        ] ECHO-02  | SEEK_PARTNER (0.0s) -> SEEK_PARTNER  [partner_separated]  h=49 e=86 s=59  tgt=335px
[16:09:51.019] [STATE_CHANGE        ] ECHO-01  | SEEK_PARTNER (0.0s) -> SEEK_PARTNER  [partner_separated]  h=34 e=67 s=65  tgt=335px
[16:09:51.019] [STATE_CHANGE        ] ECHO-02  | SEEK_PARTNER (0.0s) -> SEEK_PARTNER  [partner_separated]  h=49 e=86 s=58  tgt=334px
[16:09:51.020] [STATE_CHANGE        ] ECHO-01  | SEEK_PARTNER (0.0s) -> SEEK_PARTNER  [partner_separated]  h=34 e=67 s=65  tgt=334px
[16:09:51.020] [STATE_CHANGE        ] ECHO-02  | SEEK_PARTNER (0.0s) -> SEEK_PARTNER  [partner_separated]  h=49 e=86 s=58  tgt=334px
[16:09:51.020] [STATE_CHANGE        ] ECHO-01  | SEEK_PARTNER (0.0s) -> SEEK_PARTNER  [partner_separated]  h=34 e=67 s=65  tgt=334px
[16:09:51.020] [STATE_CHANGE        ] ECHO-02  | SEEK_PARTNER (0.0s) -> SEEK_PARTNER  [partner_separated]  h=49 e=86 s=58  tgt=333px
[16:09:51.020] [STATE_CHANGE        ] ECHO-01  | SEEK_PARTNER (0.0s) -> SEEK_PARTNER  [partner_separated]  h=34 e=67 s=65  tgt=333px
[16:09:51.021] [STATE_CHANGE        ] ECHO-02  | SEEK_PARTNER (0.0s) -> SEEK_PARTNER  [partner_separated]  h=49 e=86 s=58  tgt=333px
[16:09:51.021] [STATE_CHANGE        ] ECHO-01  | SEEK_PARTNER (0.0s) -> SEEK_PARTNER  [partner_separated]  h=34 e=67 s=65  tgt=333px
[16:09:51.021] [STATE_CHANGE        ] ECHO-02  | SEEK_PARTNER (0.0s) -> SEEK_PARTNER  [partner_separated]  h=50 e=86 s=58  tgt=332px
[16:09:51.021] [STATE_CHANGE        ] ECHO-01  | SEEK_PARTNER (0.0s) -> SEEK_PARTNER  [partner_separated]  h=34 e=67 s=65  tgt=332px
[16:09:51.021] [STATE_CHANGE        ] ECHO-02  | SEEK_PARTNER (0.0s) -> SEEK_PARTNER  [partner_separated]  h=50 e=86 s=58  tgt=332px
[16:09:51.022] [STATE_CHANGE        ] ECHO-01  | SEEK_PARTNER (0.0s) -> SEEK_PARTNER  [partner_separated]  h=34 e=67 s=65  tgt=332px
[16:09:51.022] [STATE_CHANGE        ] ECHO-02  | SEEK_PARTNER (0.0s) -> SEEK_PARTNER  [partner_separated]  h=50 e=86 s=58  tgt=331px
[16:09:51.023] [STATE_CHANGE        ] ECHO-01  | SEEK_PARTNER (0.0s) -> SEEK_PARTNER  [partner_separated]  h=34 e=67 s=65  tgt=331px
[16:09:51.024] [STATE_CHANGE        ] ECHO-02  | SEEK_PARTNER (0.0s) -> SEEK_PARTNER  [partner_separated]  h=50 e=86 s=58  tgt=331px
[16:09:51.024] [STATE_CHANGE        ] ECHO-01  | SEEK_PARTNER (0.0s) -> SEEK_PARTNER  [partner_separated]  h=34 e=67 s=64  tgt=330px
[16:09:51.025] [STATE_CHANGE        ] ECHO-02  | SEEK_PARTNER (0.0s) -> SEEK_PARTNER  [partner_separated]  h=50 e=86 s=58  tgt=330px
[16:09:51.025] [STATE_CHANGE        ] ECHO-01  | SEEK_PARTNER (0.0s) -> SEEK_PARTNER  [partner_separated]  h=34 e=67 s=64  tgt=330px
[16:09:51.025] [STATE_CHANGE        ] ECHO-02  | SEEK_PARTNER (0.0s) -> SEEK_PARTNER  [partner_separated]  h=50 e=86 s=58  tgt=330px
[16:09:51.026] [STATE_CHANGE        ] ECHO-01  | SEEK_PARTNER (0.0s) -> SEEK_PARTNER  [partner_separated]  h=34 e=67 s=64  tgt=329px
[16:09:51.026] [STATE_CHANGE        ] ECHO-02  | SEEK_PARTNER (0.0s) -> SEEK_PARTNER  [partner_separated]  h=50 e=86 s=58  tgt=329px
[16:09:51.026] [STATE_CHANGE        ] ECHO-01  | SEEK_PARTNER (0.0s) -> SEEK_PARTNER  [partner_separated]  h=34 e=67 s=64  tgt=329px
[16:09:51.026] [STATE_CHANGE        ] ECHO-02  | SEEK_PARTNER (0.0s) -> SEEK_PARTNER  [partner_separated]  h=50 e=86 s=58  tgt=329px
[16:09:51.027] [STATE_CHANGE        ] ECHO-01  | SEEK_PARTNER (0.0s) -> SEEK_PARTNER  [partner_separated]  h=35 e=67 s=64  tgt=328px
[16:09:51.027] [STATE_CHANGE        ] ECHO-02  | SEEK_PARTNER (0.0s) -> SEEK_PARTNER  [partner_separated]  h=50 e=86 s=58  tgt=328px
[16:09:51.028] [STATE_CHANGE        ] ECHO-01  | SEEK_PARTNER (0.0s) -> SEEK_PARTNER  [partner_separated]  h=35 e=67 s=64  tgt=328px
[16:09:51.028] [STATE_CHANGE        ] ECHO-02  | SEEK_PARTNER (0.0s) -> SEEK_PARTNER  [partner_separated]  h=50 e=86 s=58  tgt=328px
[16:09:51.029] [STATE_CHANGE        ] ECHO-01  | SEEK_PARTNER (0.0s) -> SEEK_PARTNER  [partner_separated]  h=35 e=67 s=64  tgt=327px
[16:09:51.029] [STATE_CHANGE        ] ECHO-02  | SEEK_PARTNER (0.0s) -> SEEK_PARTNER  [partner_separated]  h=50 e=86 s=58  tgt=327px
[16:09:51.029] [STATE_CHANGE        ] ECHO-01  | SEEK_PARTNER (0.0s) -> SEEK_PARTNER  [partner_separated]  h=35 e=67 s=64  tgt=327px
[16:09:51.029] [STATE_CHANGE        ] ECHO-02  | SEEK_PARTNER (0.0s) -> SEEK_PARTNER  [partner_separated]  h=50 e=86 s=58  tgt=327px
[16:09:51.030] [STATE_CHANGE        ] ECHO-01  | SEEK_PARTNER (0.0s) -> SEEK_PARTNER  [partner_separated]  h=35 e=67 s=64  tgt=326px
[16:09:51.030] [STATE_CHANGE        ] ECHO-02  | SEEK_PARTNER (0.0s) -> SEEK_PARTNER  [partner_separated]  h=50 e=86 s=58  tgt=326px
[16:09:51.030] [STATE_CHANGE        ] ECHO-01  | SEEK_PARTNER (0.0s) -> SEEK_PARTNER  [partner_separated]  h=35 e=67 s=64  tgt=326px
[16:09:51.030] [STATE_CHANGE        ] ECHO-02  | SEEK_PARTNER (0.0s) -> SEEK_PARTNER  [partner_separated]  h=50 e=86 s=58  tgt=326px
[16:09:51.030] [STATE_CHANGE        ] ECHO-01  | SEEK_PARTNER (0.0s) -> SEEK_PARTNER  [partner_separated]  h=35 e=67 s=64  tgt=325px
[16:09:51.030] [STATE_CHANGE        ] ECHO-02  | SEEK_PARTNER (0.0s) -> SEEK_PARTNER  [partner_separated]  h=50 e=86 s=58  tgt=325px
[16:09:51.030] [STATE_CHANGE        ] ECHO-07  | WANDER (3.3s) -> SEEK_FOOD  [normal]  h=55 e=85 s=77
[16:09:51.030] [FOOD_CLAIM          ] ECHO-07  | food at (460,276)
[16:09:51.031] [STATE_CHANGE        ] ECHO-01  | SEEK_PARTNER (0.0s) -> SEEK_PARTNER  [partner_separated]  h=35 e=67 s=64  tgt=325px
[16:09:51.031] [STATE_CHANGE        ] ECHO-02  | SEEK_PARTNER (0.0s) -> SEEK_PARTNER  [partner_separated]  h=51 e=86 s=58  tgt=325px
[16:09:51.031] [STATE_CHANGE        ] ECHO-01  | SEEK_PARTNER (0.0s) -> SEEK_PARTNER  [partner_separated]  h=35 e=67 s=64  tgt=324px
[16:09:51.031] [STATE_CHANGE        ] ECHO-02  | SEEK_PARTNER (0.0s) -> SEEK_PARTNER  [partner_separated]  h=51 e=86 s=58  tgt=324px
[16:09:51.031] [STATE_CHANGE        ] ECHO-01  | SEEK_PARTNER (0.0s) -> SEEK_PARTNER  [partner_separated]  h=35 e=67 s=64  tgt=324px
[16:09:51.031] [STATE_CHANGE        ] ECHO-02  | SEEK_PARTNER (0.0s) -> SEEK_PARTNER  [partner_separated]  h=51 e=86 s=58  tgt=324px
[16:09:51.032] [STATE_CHANGE        ] ECHO-01  | SEEK_PARTNER (0.0s) -> SEEK_PARTNER  [partner_separated]  h=35 e=67 s=64  tgt=323px
[16:09:51.032] [STATE_CHANGE        ] ECHO-02  | SEEK_PARTNER (0.0s) -> SEEK_PARTNER  [partner_separated]  h=51 e=86 s=58  tgt=323px
[16:09:51.032] [STATE_CHANGE        ] ECHO-01  | SEEK_PARTNER (0.0s) -> SEEK_PARTNER  [partner_separated]  h=35 e=67 s=64  tgt=323px
[16:09:51.032] [STATE_CHANGE        ] ECHO-02  | SEEK_PARTNER (0.0s) -> SEEK_PARTNER  [partner_separated]  h=51 e=86 s=58  tgt=323px
[16:09:51.032] [STATE_CHANGE        ] ECHO-01  | SEEK_PARTNER (0.0s) -> SEEK_PARTNER  [partner_separated]  h=35 e=67 s=64  tgt=322px
[16:09:51.032] [STATE_CHANGE        ] ECHO-02  | SEEK_PARTNER (0.0s) -> SEEK_PARTNER  [partner_separated]  h=51 e=86 s=58  tgt=322px
[16:09:51.033] [STATE_CHANGE        ] ECHO-01  | SEEK_PARTNER (0.0s) -> SEEK_PARTNER  [partner_separated]  h=35 e=67 s=64  tgt=322px
[16:09:51.033] [STATE_CHANGE        ] ECHO-02  | SEEK_PARTNER (0.0s) -> SEEK_PARTNER  [partner_separated]  h=51 e=86 s=58  tgt=322px
[16:09:51.033] [STATE_CHANGE        ] ECHO-01  | SEEK_PARTNER (0.0s) -> SEEK_PARTNER  [partner_separated]  h=35 e=67 s=64  tgt=321px
[16:09:51.033] [STATE_CHANGE        ] ECHO-02  | SEEK_PARTNER (0.0s) -> SEEK_PARTNER  [partner_separated]  h=51 e=86 s=58  tgt=321px
[16:09:51.033] [STATE_CHANGE        ] ECHO-01  | SEEK_PARTNER (0.0s) -> SEEK_PARTNER  [partner_separated]  h=36 e=67 s=64  tgt=321px
[16:09:51.033] [STATE_CHANGE        ] ECHO-02  | SEEK_PARTNER (0.0s) -> SEEK_PARTNER  [partner_separated]  h=51 e=86 s=58  tgt=321px
[16:09:51.034] [STATE_CHANGE        ] ECHO-01  | SEEK_PARTNER (0.0s) -> SEEK_PARTNER  [partner_separated]  h=36 e=67 s=64  tgt=320px
[16:09:51.034] [STATE_CHANGE        ] ECHO-02  | SEEK_PARTNER (0.0s) -> SEEK_PARTNER  [partner_separated]  h=51 e=86 s=58  tgt=320px
[16:09:51.034] [STATE_CHANGE        ] ECHO-01  | SEEK_PARTNER (0.0s) -> SEEK_PARTNER  [partner_separated]  h=36 e=67 s=64  tgt=320px
[16:09:51.034] [STATE_CHANGE        ] ECHO-02  | SEEK_PARTNER (0.0s) -> SEEK_PARTNER  [partner_separated]  h=51 e=86 s=58  tgt=320px
[16:09:51.034] [STATE_CHANGE        ] ECHO-01  | SEEK_PARTNER (0.0s) -> SEEK_PARTNER  [partner_separated]  h=36 e=67 s=64  tgt=319px
[16:09:51.034] [STATE_CHANGE        ] ECHO-02  | SEEK_PARTNER (0.0s) -> SEEK_PARTNER  [partner_separated]  h=51 e=86 s=58  tgt=319px
[16:09:51.035] [STATE_CHANGE        ] ECHO-01  | SEEK_PARTNER (0.0s) -> SEEK_PARTNER  [partner_separated]  h=36 e=67 s=64  tgt=319px
[16:09:51.035] [STATE_CHANGE        ] ECHO-02  | SEEK_PARTNER (0.0s) -> SEEK_PARTNER  [partner_separated]  h=51 e=86 s=58  tgt=319px
[16:09:51.035] [STATE_CHANGE        ] ECHO-01  | SEEK_PARTNER (0.0s) -> SEEK_PARTNER  [partner_separated]  h=36 e=67 s=64  tgt=318px
[16:09:51.035] [STATE_CHANGE        ] ECHO-02  | SEEK_PARTNER (0.0s) -> SEEK_PARTNER  [partner_separated]  h=51 e=86 s=58  tgt=318px
[16:09:51.035] [STATE_CHANGE        ] ECHO-01  | SEEK_PARTNER (0.0s) -> SEEK_PARTNER  [partner_separated]  h=36 e=67 s=64  tgt=318px
[16:09:51.035] [STATE_CHANGE        ] ECHO-02  | SEEK_PARTNER (0.0s) -> SEEK_PARTNER  [partner_separated]  h=51 e=86 s=58  tgt=318px
[16:09:51.036] [STATE_CHANGE        ] ECHO-01  | SEEK_PARTNER (0.0s) -> SEEK_PARTNER  [partner_separated]  h=36 e=67 s=64  tgt=317px
[16:09:51.036] [STATE_CHANGE        ] ECHO-02  | SEEK_PARTNER (0.0s) -> SEEK_PARTNER  [partner_separated]  h=52 e=86 s=58  tgt=317px
[16:09:51.036] [STATE_CHANGE        ] ECHO-01  | SEEK_PARTNER (0.0s) -> SEEK_PARTNER  [partner_separated]  h=36 e=67 s=64  tgt=317px
[16:09:51.036] [STATE_CHANGE        ] ECHO-02  | SEEK_PARTNER (0.0s) -> SEEK_PARTNER  [partner_separated]  h=52 e=86 s=58  tgt=317px
[16:09:51.036] [STATE_CHANGE        ] ECHO-01  | SEEK_PARTNER (0.0s) -> SEEK_PARTNER  [partner_separated]  h=36 e=67 s=64  tgt=316px
[16:09:51.036] [STATE_CHANGE        ] ECHO-02  | SEEK_PARTNER (0.0s) -> SEEK_PARTNER  [partner_separated]  h=52 e=86 s=58  tgt=316px
[16:09:51.037] [STATE_CHANGE        ] ECHO-01  | SEEK_PARTNER (0.0s) -> SEEK_PARTNER  [partner_separated]  h=36 e=67 s=64  tgt=316px
[16:09:51.037] [STATE_CHANGE        ] ECHO-02  | SEEK_PARTNER (0.0s) -> SEEK_PARTNER  [partner_separated]  h=52 e=86 s=58  tgt=315px
[16:09:51.037] [STATE_CHANGE        ] ECHO-01  | SEEK_PARTNER (0.0s) -> SEEK_PARTNER  [partner_separated]  h=36 e=67 s=64  tgt=315px
[16:09:51.037] [STATE_CHANGE        ] ECHO-02  | SEEK_PARTNER (0.0s) -> SEEK_PARTNER  [partner_separated]  h=52 e=86 s=58  tgt=315px
[16:09:51.038] [STATE_CHANGE        ] ECHO-01  | SEEK_PARTNER (0.0s) -> SEEK_PARTNER  [partner_separated]  h=36 e=67 s=64  tgt=315px
[16:09:51.038] [STATE_CHANGE        ] ECHO-02  | SEEK_PARTNER (0.0s) -> SEEK_PARTNER  [partner_separated]  h=52 e=86 s=58  tgt=314px
[16:09:51.038] [STATE_CHANGE        ] ECHO-01  | SEEK_PARTNER (0.0s) -> SEEK_PARTNER  [partner_separated]  h=36 e=67 s=64  tgt=314px
[16:09:51.038] [STATE_CHANGE        ] ECHO-02  | SEEK_PARTNER (0.0s) -> SEEK_PARTNER  [partner_separated]  h=52 e=86 s=57  tgt=314px
[16:09:51.039] [STATE_CHANGE        ] ECHO-01  | SEEK_PARTNER (0.0s) -> SEEK_PARTNER  [partner_separated]  h=36 e=67 s=64  tgt=314px
[16:09:51.041] [STATE_CHANGE        ] ECHO-02  | SEEK_PARTNER (0.0s) -> SEEK_PARTNER  [partner_separated]  h=52 e=86 s=57  tgt=313px
[16:09:51.042] [STATE_CHANGE        ] ECHO-01  | SEEK_PARTNER (0.0s) -> SEEK_PARTNER  [partner_separated]  h=37 e=67 s=64  tgt=313px
[16:09:51.042] [STATE_CHANGE        ] ECHO-02  | SEEK_PARTNER (0.0s) -> SEEK_PARTNER  [partner_separated]  h=52 e=86 s=57  tgt=313px
[16:09:51.042] [STATE_CHANGE        ] ECHO-01  | SEEK_PARTNER (0.0s) -> SEEK_PARTNER  [partner_separated]  h=37 e=67 s=64  tgt=313px
[16:09:51.043] [STATE_CHANGE        ] ECHO-02  | SEEK_PARTNER (0.0s) -> SEEK_PARTNER  [partner_separated]  h=52 e=86 s=57  tgt=312px
[16:09:51.043] [STATE_CHANGE        ] ECHO-01  | SEEK_PARTNER (0.0s) -> SEEK_PARTNER  [partner_separated]  h=37 e=67 s=64  tgt=312px
[16:09:51.043] [STATE_CHANGE        ] ECHO-02  | SEEK_PARTNER (0.0s) -> SEEK_PARTNER  [partner_separated]  h=52 e=86 s=57  tgt=312px
[16:09:51.043] [STATE_CHANGE        ] ECHO-01  | SEEK_PARTNER (0.0s) -> SEEK_PARTNER  [partner_separated]  h=37 e=67 s=64  tgt=312px
[16:09:51.043] [STATE_CHANGE        ] ECHO-02  | SEEK_PARTNER (0.0s) -> SEEK_PARTNER  [partner_separated]  h=52 e=86 s=57  tgt=311px
[16:09:51.044] [STATE_CHANGE        ] ECHO-01  | SEEK_PARTNER (0.0s) -> SEEK_PARTNER  [partner_separated]  h=37 e=67 s=64  tgt=311px
[16:09:51.044] [STATE_CHANGE        ] ECHO-02  | SEEK_PARTNER (0.0s) -> SEEK_PARTNER  [partner_separated]  h=52 e=86 s=57  tgt=311px
[16:09:51.045] [STATE_CHANGE        ] ECHO-01  | SEEK_PARTNER (0.0s) -> SEEK_PARTNER  [partner_separated]  h=37 e=67 s=64  tgt=311px
[16:09:51.045] [STATE_CHANGE        ] ECHO-02  | SEEK_PARTNER (0.0s) -> SEEK_PARTNER  [partner_separated]  h=52 e=86 s=57  tgt=310px
[16:09:51.045] [STATE_CHANGE        ] ECHO-01  | SEEK_PARTNER (0.0s) -> SEEK_PARTNER  [partner_separated]  h=37 e=66 s=63  tgt=310px
[16:09:51.046] [STATE_CHANGE        ] ECHO-02  | SEEK_PARTNER (0.0s) -> SEEK_PARTNER  [partner_separated]  h=52 e=86 s=57  tgt=310px
[16:09:51.046] [STATE_CHANGE        ] ECHO-01  | SEEK_PARTNER (0.0s) -> SEEK_PARTNER  [partner_separated]  h=37 e=66 s=63  tgt=310px
[16:09:51.047] [STATE_CHANGE        ] ECHO-02  | SEEK_PARTNER (0.0s) -> SEEK_PARTNER  [partner_separated]  h=53 e=86 s=57  tgt=309px
[16:09:51.047] [STATE_CHANGE        ] ECHO-01  | SEEK_PARTNER (0.0s) -> SEEK_PARTNER  [partner_separated]  h=37 e=66 s=63  tgt=309px
[16:09:51.047] [STATE_CHANGE        ] ECHO-02  | SEEK_PARTNER (0.0s) -> SEEK_PARTNER  [partner_separated]  h=53 e=86 s=57  tgt=309px
[16:09:51.047] [STATE_CHANGE        ] ECHO-01  | SEEK_PARTNER (0.0s) -> SEEK_PARTNER  [partner_separated]  h=37 e=66 s=63  tgt=309px
[16:09:51.047] [STATE_CHANGE        ] ECHO-02  | SEEK_PARTNER (0.0s) -> SEEK_PARTNER  [partner_separated]  h=53 e=86 s=57  tgt=308px
[16:09:51.048] [STATE_CHANGE        ] ECHO-01  | SEEK_PARTNER (0.0s) -> SEEK_PARTNER  [partner_separated]  h=37 e=66 s=63  tgt=308px
[16:09:51.048] [STATE_CHANGE        ] ECHO-02  | SEEK_PARTNER (0.0s) -> SEEK_PARTNER  [partner_separated]  h=53 e=86 s=57  tgt=308px
[16:09:51.048] [STATE_CHANGE        ] ECHO-01  | SEEK_PARTNER (0.0s) -> SEEK_PARTNER  [partner_separated]  h=37 e=66 s=63  tgt=308px
[16:09:51.048] [STATE_CHANGE        ] ECHO-02  | SEEK_PARTNER (0.0s) -> SEEK_PARTNER  [partner_separated]  h=53 e=86 s=57  tgt=307px
[16:09:51.048] [STATE_CHANGE        ] ECHO-01  | SEEK_PARTNER (0.0s) -> SEEK_PARTNER  [partner_separated]  h=37 e=66 s=63  tgt=307px
[16:09:51.049] [STATE_CHANGE        ] ECHO-02  | SEEK_PARTNER (0.0s) -> SEEK_PARTNER  [partner_separated]  h=53 e=86 s=57  tgt=307px
[16:09:51.049] [STATE_CHANGE        ] ECHO-01  | SEEK_PARTNER (0.0s) -> SEEK_PARTNER  [partner_separated]  h=37 e=66 s=63  tgt=306px
[16:09:51.049] [STATE_CHANGE        ] ECHO-02  | SEEK_PARTNER (0.0s) -> SEEK_PARTNER  [partner_separated]  h=53 e=86 s=57  tgt=306px
[16:09:51.049] [STATE_CHANGE        ] ECHO-01  | SEEK_PARTNER (0.0s) -> SEEK_PARTNER  [partner_separated]  h=37 e=66 s=63  tgt=306px
[16:09:51.049] [STATE_CHANGE        ] ECHO-02  | SEEK_PARTNER (0.0s) -> SEEK_PARTNER  [partner_separated]  h=53 e=86 s=57  tgt=306px
[16:09:51.050] [STATE_CHANGE        ] ECHO-01  | SEEK_PARTNER (0.0s) -> SEEK_PARTNER  [partner_separated]  h=38 e=66 s=63  tgt=305px
[16:09:51.050] [STATE_CHANGE        ] ECHO-02  | SEEK_PARTNER (0.0s) -> SEEK_PARTNER  [partner_separated]  h=53 e=85 s=57  tgt=305px
[16:09:51.050] [STATE_CHANGE        ] ECHO-01  | SEEK_PARTNER (0.0s) -> SEEK_PARTNER  [partner_separated]  h=38 e=66 s=63  tgt=305px
[16:09:51.050] [STATE_CHANGE        ] ECHO-02  | SEEK_PARTNER (0.0s) -> SEEK_PARTNER  [partner_separated]  h=53 e=85 s=57  tgt=305px
[16:09:51.051] [STATE_CHANGE        ] ECHO-01  | SEEK_PARTNER (0.0s) -> SEEK_PARTNER  [partner_separated]  h=38 e=66 s=63  tgt=304px
[16:09:51.051] [STATE_CHANGE        ] ECHO-02  | SEEK_PARTNER (0.0s) -> SEEK_PARTNER  [partner_separated]  h=53 e=85 s=57  tgt=304px
[16:09:51.051] [STATE_CHANGE        ] ECHO-01  | SEEK_PARTNER (0.0s) -> SEEK_PARTNER  [partner_separated]  h=38 e=66 s=63  tgt=304px
[16:09:51.051] [STATE_CHANGE        ] ECHO-02  | SEEK_PARTNER (0.0s) -> SEEK_PARTNER  [partner_separated]  h=53 e=85 s=57  tgt=304px
[16:09:51.051] [STATE_CHANGE        ] ECHO-01  | SEEK_PARTNER (0.0s) -> SEEK_PARTNER  [partner_separated]  h=38 e=66 s=63  tgt=303px
[16:09:51.051] [STATE_CHANGE        ] ECHO-02  | SEEK_PARTNER (0.0s) -> SEEK_PARTNER  [partner_separated]  h=53 e=85 s=57  tgt=303px
[16:09:51.052] [STATE_CHANGE        ] ECHO-01  | SEEK_PARTNER (0.0s) -> SEEK_PARTNER  [partner_separated]  h=38 e=66 s=63  tgt=303px
[16:09:51.052] [STATE_CHANGE        ] ECHO-02  | SEEK_PARTNER (0.0s) -> SEEK_PARTNER  [partner_separated]  h=53 e=85 s=57  tgt=303px
[16:09:51.052] [STATE_CHANGE        ] ECHO-01  | SEEK_PARTNER (0.0s) -> SEEK_PARTNER  [partner_separated]  h=38 e=66 s=63  tgt=302px
[16:09:51.052] [STATE_CHANGE        ] ECHO-02  | SEEK_PARTNER (0.0s) -> SEEK_PARTNER  [partner_separated]  h=53 e=85 s=57  tgt=302px
[16:09:51.052] [STATE_CHANGE        ] ECHO-01  | SEEK_PARTNER (0.0s) -> SEEK_PARTNER  [partner_separated]  h=38 e=66 s=63  tgt=302px
[16:09:51.053] [STATE_CHANGE        ] ECHO-02  | SEEK_PARTNER (0.0s) -> SEEK_PARTNER  [partner_separated]  h=54 e=85 s=57  tgt=302px
[16:09:51.053] [STATE_CHANGE        ] ECHO-01  | SEEK_PARTNER (0.0s) -> SEEK_PARTNER  [partner_separated]  h=38 e=66 s=63  tgt=301px
[16:09:51.053] [STATE_CHANGE        ] ECHO-02  | SEEK_PARTNER (0.0s) -> SEEK_PARTNER  [partner_separated]  h=54 e=85 s=57  tgt=301px
[16:09:51.053] [STATE_CHANGE        ] ECHO-01  | SEEK_PARTNER (0.0s) -> SEEK_PARTNER  [partner_separated]  h=38 e=66 s=63  tgt=301px
[16:09:51.053] [STATE_CHANGE        ] ECHO-02  | SEEK_PARTNER (0.0s) -> SEEK_PARTNER  [partner_separated]  h=54 e=85 s=57  tgt=301px
[16:09:51.054] [STATE_CHANGE        ] ECHO-01  | SEEK_PARTNER (0.0s) -> SEEK_PARTNER  [partner_separated]  h=38 e=66 s=63  tgt=300px
[16:09:51.054] [STATE_CHANGE        ] ECHO-02  | SEEK_PARTNER (0.0s) -> SEEK_PARTNER  [partner_separated]  h=54 e=85 s=57  tgt=300px
[16:09:51.054] [STATE_CHANGE        ] ECHO-01  | SEEK_PARTNER (0.0s) -> SEEK_PARTNER  [partner_separated]  h=38 e=66 s=63  tgt=300px
[16:09:51.054] [STATE_CHANGE        ] ECHO-02  | SEEK_PARTNER (0.0s) -> SEEK_PARTNER  [partner_separated]  h=54 e=85 s=57  tgt=300px
[16:09:51.054] [STATE_CHANGE        ] ECHO-01  | SEEK_PARTNER (0.0s) -> SEEK_PARTNER  [partner_separated]  h=38 e=66 s=63  tgt=299px
[16:09:51.054] [STATE_CHANGE        ] ECHO-02  | SEEK_PARTNER (0.0s) -> SEEK_PARTNER  [partner_separated]  h=54 e=85 s=57  tgt=299px
[16:09:51.055] [STATE_CHANGE        ] ECHO-01  | SEEK_PARTNER (0.0s) -> SEEK_PARTNER  [partner_separated]  h=38 e=66 s=63  tgt=299px
[16:09:51.056] [STATE_CHANGE        ] ECHO-02  | SEEK_PARTNER (0.0s) -> SEEK_PARTNER  [partner_separated]  h=54 e=85 s=57  tgt=299px
[16:09:51.058] [STATE_CHANGE        ] ECHO-01  | SEEK_PARTNER (0.0s) -> SEEK_PARTNER  [partner_separated]  h=38 e=66 s=63  tgt=298px
[16:09:51.058] [STATE_CHANGE        ] ECHO-02  | SEEK_PARTNER (0.0s) -> SEEK_PARTNER  [partner_separated]  h=54 e=85 s=57  tgt=298px
[16:09:51.058] [STATE_CHANGE        ] ECHO-01  | SEEK_PARTNER (0.0s) -> SEEK_PARTNER  [partner_separated]  h=39 e=66 s=63  tgt=298px
[16:09:51.058] [STATE_CHANGE        ] ECHO-02  | SEEK_PARTNER (0.0s) -> SEEK_PARTNER  [partner_separated]  h=54 e=85 s=57  tgt=298px
[16:09:51.059] [STATE_CHANGE        ] ECHO-01  | SEEK_PARTNER (0.0s) -> SEEK_PARTNER  [partner_separated]  h=39 e=66 s=63  tgt=297px
[16:09:51.059] [STATE_CHANGE        ] ECHO-02  | SEEK_PARTNER (0.0s) -> SEEK_PARTNER  [partner_separated]  h=54 e=85 s=57  tgt=297px
[16:09:51.059] [STATE_CHANGE        ] ECHO-01  | SEEK_PARTNER (0.0s) -> SEEK_PARTNER  [partner_separated]  h=39 e=66 s=63  tgt=297px
[16:09:51.059] [STATE_CHANGE        ] ECHO-02  | SEEK_PARTNER (0.0s) -> SEEK_PARTNER  [partner_separated]  h=54 e=85 s=57  tgt=297px
[16:09:51.060] [STATE_CHANGE        ] ECHO-01  | SEEK_PARTNER (0.0s) -> SEEK_PARTNER  [partner_separated]  h=39 e=66 s=63  tgt=296px
[16:09:51.060] [STATE_CHANGE        ] ECHO-02  | SEEK_PARTNER (0.0s) -> SEEK_PARTNER  [partner_separated]  h=54 e=85 s=57  tgt=296px
[16:09:51.060] [STATE_CHANGE        ] ECHO-01  | SEEK_PARTNER (0.0s) -> SEEK_PARTNER  [partner_separated]  h=39 e=66 s=63  tgt=296px
[16:09:51.061] [STATE_CHANGE        ] ECHO-02  | SEEK_PARTNER (0.0s) -> SEEK_PARTNER  [partner_separated]  h=54 e=85 s=57  tgt=296px
[16:09:51.061] [STATE_CHANGE        ] ECHO-01  | SEEK_PARTNER (0.0s) -> SEEK_PARTNER  [partner_separated]  h=39 e=66 s=63  tgt=295px
[16:09:51.061] [STATE_CHANGE        ] ECHO-02  | SEEK_PARTNER (0.0s) -> SEEK_PARTNER  [partner_separated]  h=54 e=85 s=57  tgt=295px
[16:09:51.062] [STATE_CHANGE        ] ECHO-01  | SEEK_PARTNER (0.0s) -> SEEK_PARTNER  [partner_separated]  h=39 e=66 s=63  tgt=295px
[16:09:51.062] [STATE_CHANGE        ] ECHO-02  | SEEK_PARTNER (0.0s) -> SEEK_PARTNER  [partner_separated]  h=54 e=85 s=57  tgt=295px
[16:09:51.062] [STATE_CHANGE        ] ECHO-01  | SEEK_PARTNER (0.0s) -> SEEK_PARTNER  [partner_separated]  h=39 e=66 s=63  tgt=294px
[16:09:51.062] [STATE_CHANGE        ] ECHO-02  | SEEK_PARTNER (0.0s) -> SEEK_PARTNER  [partner_separated]  h=55 e=85 s=57  tgt=294px
[16:09:51.063] [STATE_CHANGE        ] ECHO-01  | SEEK_PARTNER (0.0s) -> SEEK_PARTNER  [partner_separated]  h=39 e=66 s=63  tgt=294px
[16:09:51.063] [STATE_CHANGE        ] ECHO-02  | SEEK_PARTNER (0.0s) -> SEEK_PARTNER  [partner_separated]  h=55 e=85 s=56  tgt=294px
[16:09:51.063] [STATE_CHANGE        ] ECHO-01  | SEEK_PARTNER (0.0s) -> SEEK_PARTNER  [partner_separated]  h=39 e=66 s=63  tgt=293px
[16:09:51.063] [STATE_CHANGE        ] ECHO-02  | SEEK_PARTNER (0.0s) -> SEEK_PARTNER  [partner_separated]  h=55 e=85 s=56  tgt=293px
[16:09:51.064] [STATE_CHANGE        ] ECHO-01  | SEEK_PARTNER (0.0s) -> SEEK_PARTNER  [partner_separated]  h=39 e=66 s=63  tgt=293px
[16:09:51.064] [STATE_CHANGE        ] ECHO-02  | SEEK_PARTNER (0.0s) -> SEEK_PARTNER  [partner_separated]  h=55 e=85 s=56  tgt=293px
[16:09:51.064] [STATE_CHANGE        ] ECHO-01  | SEEK_PARTNER (0.0s) -> SEEK_PARTNER  [partner_separated]  h=39 e=66 s=63  tgt=292px
[16:09:51.064] [STATE_CHANGE        ] ECHO-02  | SEEK_PARTNER (0.0s) -> SEEK_PARTNER  [partner_separated]  h=55 e=85 s=56  tgt=292px
[16:09:51.064] [STATE_CHANGE        ] ECHO-01  | SEEK_PARTNER (0.0s) -> SEEK_PARTNER  [partner_separated]  h=39 e=66 s=63  tgt=292px
[16:09:51.064] [STATE_CHANGE        ] ECHO-02  | SEEK_PARTNER (0.0s) -> SEEK_PARTNER  [partner_separated]  h=55 e=85 s=56  tgt=292px
[16:09:51.065] [STATE_CHANGE        ] ECHO-01  | SEEK_PARTNER (0.0s) -> SEEK_PARTNER  [partner_separated]  h=39 e=66 s=63  tgt=291px
[16:09:51.065] [STATE_CHANGE        ] ECHO-02  | SEEK_PARTNER (0.0s) -> SEEK_PARTNER  [partner_separated]  h=55 e=85 s=56  tgt=291px
[16:09:51.065] [STATE_CHANGE        ] ECHO-01  | SEEK_PARTNER (0.0s) -> SEEK_PARTNER  [partner_separated]  h=39 e=66 s=63  tgt=291px
[16:09:51.066] [STATE_CHANGE        ] ECHO-01  | SEEK_PARTNER (0.0s) -> SEEK_PARTNER  [partner_separated]  h=40 e=66 s=63  tgt=290px
[16:09:51.066] [STATE_CHANGE        ] ECHO-01  | SEEK_PARTNER (0.0s) -> SEEK_PARTNER  [partner_separated]  h=40 e=66 s=62  tgt=290px
[16:09:51.066] [STATE_CHANGE        ] ECHO-01  | SEEK_PARTNER (0.0s) -> SEEK_PARTNER  [partner_separated]  h=40 e=66 s=62  tgt=289px
[16:09:51.067] [STATE_CHANGE        ] ECHO-01  | SEEK_PARTNER (0.0s) -> SEEK_PARTNER  [partner_separated]  h=40 e=66 s=62  tgt=289px
[16:09:51.067] [STATE_CHANGE        ] ECHO-01  | SEEK_PARTNER (0.0s) -> SEEK_PARTNER  [partner_separated]  h=40 e=66 s=62  tgt=288px
[16:09:51.067] [IDLE_ENTER          ] ECHO-12  | pausing for 2.7s
[16:09:51.067] [STATE_CHANGE        ] ECHO-01  | SEEK_PARTNER (0.0s) -> SEEK_PARTNER  [partner_separated]  h=40 e=66 s=62  tgt=288px
[16:09:51.068] [STATE_CHANGE        ] ECHO-01  | SEEK_PARTNER (0.0s) -> SEEK_PARTNER  [partner_separated]  h=40 e=66 s=62  tgt=287px
[16:09:51.068] [STATE_CHANGE        ] ECHO-01  | SEEK_PARTNER (0.0s) -> SEEK_PARTNER  [partner_separated]  h=40 e=66 s=62  tgt=287px
[16:09:51.069] [STATE_CHANGE        ] ECHO-01  | SEEK_PARTNER (0.0s) -> SEEK_PARTNER  [partner_separated]  h=40 e=66 s=62  tgt=286px
[16:09:51.069] [STATE_CHANGE        ] ECHO-01  | SEEK_PARTNER (0.0s) -> SEEK_PARTNER  [partner_separated]  h=40 e=66 s=62  tgt=286px
[16:09:51.069] [STATE_CHANGE        ] ECHO-01  | SEEK_PARTNER (0.0s) -> SEEK_PARTNER  [partner_separated]  h=40 e=66 s=62  tgt=285px
[16:09:51.070] [STATE_CHANGE        ] ECHO-01  | SEEK_PARTNER (0.0s) -> SEEK_PARTNER  [partner_separated]  h=40 e=66 s=62  tgt=285px
[16:09:51.070] [STATE_CHANGE        ] ECHO-01  | SEEK_PARTNER (0.0s) -> SEEK_PARTNER  [partner_separated]  h=40 e=66 s=62  tgt=284px
[16:09:51.070] [STATE_CHANGE        ] ECHO-01  | SEEK_PARTNER (0.0s) -> SEEK_PARTNER  [partner_separated]  h=40 e=66 s=62  tgt=284px
[16:09:51.071] [STATE_CHANGE        ] ECHO-01  | SEEK_PARTNER (0.0s) -> SEEK_PARTNER  [partner_separated]  h=40 e=66 s=62  tgt=283px
[16:09:51.072] [STATE_CHANGE        ] ECHO-01  | SEEK_PARTNER (0.0s) -> SEEK_PARTNER  [partner_separated]  h=41 e=66 s=62  tgt=283px
[16:09:51.073] [FOOD_FOUND          ] ECHO-11  | ate at (820, 372)  total=1
[16:09:51.073] [STATE_CHANGE        ] ECHO-01  | SEEK_PARTNER (0.0s) -> SEEK_PARTNER  [partner_separated]  h=41 e=66 s=62  tgt=282px
[16:09:51.073] [FOOD_CLAIM          ] ECHO-11  | food at (811,353)
[16:09:51.073] [STATE_CHANGE        ] ECHO-01  | SEEK_PARTNER (0.0s) -> SEEK_PARTNER  [partner_separated]  h=41 e=66 s=62  tgt=282px
[16:09:51.074] [STATE_CHANGE        ] ECHO-01  | SEEK_PARTNER (0.0s) -> SEEK_PARTNER  [partner_separated]  h=41 e=66 s=62  tgt=281px
[16:09:51.074] [STATE_CHANGE        ] ECHO-01  | SEEK_PARTNER (0.0s) -> SEEK_PARTNER  [partner_separated]  h=41 e=66 s=62  tgt=281px
[16:09:51.075] [STATE_CHANGE        ] ECHO-01  | SEEK_PARTNER (0.0s) -> SEEK_PARTNER  [partner_separated]  h=41 e=65 s=62  tgt=280px
[16:09:51.075] [STATE_CHANGE        ] ECHO-01  | SEEK_PARTNER (0.0s) -> SEEK_PARTNER  [partner_separated]  h=41 e=65 s=62  tgt=280px
[16:09:51.077] [STATE_CHANGE        ] ECHO-01  | SEEK_PARTNER (0.0s) -> SEEK_PARTNER  [partner_separated]  h=41 e=65 s=62  tgt=279px
[16:09:51.077] [STATE_CHANGE        ] ECHO-01  | SEEK_PARTNER (0.0s) -> SEEK_PARTNER  [partner_separated]  h=41 e=65 s=62  tgt=279px
[16:09:51.078] [STATE_CHANGE        ] ECHO-06  | WANDER (4.8s) -> SEEK_FOOD  [normal]  h=55 e=54 s=69
[16:09:51.078] [FOOD_CLAIM          ] ECHO-06  | food at (793,366)
[16:09:51.078] [STATE_CHANGE        ] ECHO-01  | SEEK_PARTNER (0.0s) -> SEEK_PARTNER  [partner_separated]  h=41 e=65 s=62  tgt=278px
[16:09:51.078] [CROWD_AVOIDANCE     ] ECHO-04  | seekers_nearby=3 pressure=0.00
[16:09:51.078] [STATE_CHANGE        ] ECHO-01  | SEEK_PARTNER (0.0s) -> SEEK_PARTNER  [partner_separated]  h=41 e=65 s=62  tgt=278px
[16:09:51.079] [STATE_CHANGE        ] ECHO-01  | SEEK_PARTNER (0.0s) -> SEEK_PARTNER  [partner_separated]  h=41 e=65 s=62  tgt=277px
[16:09:51.080] [STATE_CHANGE        ] ECHO-01  | SEEK_PARTNER (0.0s) -> SEEK_PARTNER  [partner_separated]  h=41 e=65 s=62  tgt=277px
[16:09:51.080] [STATE_CHANGE        ] ECHO-01  | SEEK_PARTNER (0.0s) -> SEEK_PARTNER  [partner_separated]  h=41 e=65 s=62  tgt=276px
[16:09:51.080] [STATE_CHANGE        ] ECHO-01  | SEEK_PARTNER (0.0s) -> SEEK_PARTNER  [partner_separated]  h=41 e=65 s=62  tgt=276px
[16:09:51.081] [STATE_CHANGE        ] ECHO-01  | SEEK_PARTNER (0.0s) -> SEEK_PARTNER  [partner_separated]  h=42 e=65 s=62  tgt=275px
[16:09:51.081] [STATE_CHANGE        ] ECHO-01  | SEEK_PARTNER (0.0s) -> SEEK_PARTNER  [partner_separated]  h=42 e=65 s=62  tgt=275px
[16:09:51.081] [STATE_CHANGE        ] ECHO-01  | SEEK_PARTNER (0.0s) -> SEEK_PARTNER  [partner_separated]  h=42 e=65 s=62  tgt=274px
[16:09:51.082] [STATE_CHANGE        ] ECHO-01  | SEEK_PARTNER (0.0s) -> SEEK_PARTNER  [partner_separated]  h=42 e=65 s=62  tgt=274px
[16:09:51.082] [STATE_CHANGE        ] ECHO-01  | SEEK_PARTNER (0.0s) -> SEEK_PARTNER  [partner_separated]  h=42 e=65 s=62  tgt=273px
[16:09:51.082] [STATS               ]          | pop=12  avg_hunger= 52.7  avg_energy= 66.2  hungry=6  social_events=0  contested_food=23%
[16:09:51.082] [GENERATION_STATS    ]          | max_gen=0  avg_gen=0.0  total_births=0
[16:09:51.083] [ECOLOGY_SNAPSHOT    ]          | bonded_pairs=1  avg_best_bond=1.6  top=[ECHO-01<->ECHO-02:8.0  ECHO-06<->ECHO-11:0.5  ECHO-03<->ECHO-11:0.5]  lineages=[none]
[16:09:51.083] [STATE_CHANGE        ] ECHO-01  | SEEK_PARTNER (0.0s) -> SEEK_PARTNER  [partner_separated]  h=42 e=65 s=62  tgt=272px
[16:09:51.083] [STATE_CHANGE        ] ECHO-01  | SEEK_PARTNER (0.0s) -> SEEK_PARTNER  [partner_separated]  h=42 e=65 s=62  tgt=272px
[16:09:51.083] [STATE_CHANGE        ] ECHO-01  | SEEK_PARTNER (0.0s) -> SEEK_PARTNER  [partner_separated]  h=42 e=65 s=62  tgt=271px
[16:09:51.084] [STATE_CHANGE        ] ECHO-01  | SEEK_PARTNER (0.0s) -> SEEK_PARTNER  [partner_separated]  h=42 e=65 s=62  tgt=271px
[16:09:51.084] [FOOD_FOUND          ] ECHO-08  | ate at (447, 365)  total=1
[16:09:51.084] [STATE_CHANGE        ] ECHO-01  | SEEK_PARTNER (0.0s) -> SEEK_PARTNER  [partner_separated]  h=42 e=65 s=62  tgt=270px
[16:09:51.084] [STATE_CHANGE        ] ECHO-08  | SEEK_FOOD (3.1s) -> WANDER  [normal]  h=33 e=56 s=73
[16:09:51.084] [STATE_CHANGE        ] ECHO-01  | SEEK_PARTNER (0.0s) -> SEEK_PARTNER  [partner_separated]  h=42 e=65 s=62  tgt=270px
[16:09:51.084] [STATE_CHANGE        ] ECHO-01  | SEEK_PARTNER (0.0s) -> SEEK_PARTNER  [partner_separated]  h=42 e=65 s=61  tgt=269px
[16:09:51.085] [STATE_CHANGE        ] ECHO-01  | SEEK_PARTNER (0.0s) -> SEEK_PARTNER  [partner_separated]  h=42 e=65 s=61  tgt=269px
[16:09:51.085] [STATE_CHANGE        ] ECHO-01  | SEEK_PARTNER (0.0s) -> SEEK_PARTNER  [partner_separated]  h=42 e=65 s=61  tgt=268px
[16:09:51.086] [STATE_CHANGE        ] ECHO-01  | SEEK_PARTNER (0.0s) -> SEEK_PARTNER  [partner_separated]  h=42 e=65 s=61  tgt=268px
[16:09:51.086] [STATE_CHANGE        ] ECHO-01  | SEEK_PARTNER (0.0s) -> SEEK_PARTNER  [partner_separated]  h=43 e=65 s=61  tgt=267px
[16:09:51.087] [STATE_CHANGE        ] ECHO-01  | SEEK_PARTNER (0.0s) -> SEEK_PARTNER  [partner_separated]  h=43 e=65 s=61  tgt=267px
[16:09:51.087] [STATE_CHANGE        ] ECHO-01  | SEEK_PARTNER (0.0s) -> SEEK_PARTNER  [partner_separated]  h=43 e=65 s=61  tgt=266px
[16:09:51.087] [STATE_CHANGE        ] ECHO-01  | SEEK_PARTNER (0.0s) -> SEEK_PARTNER  [partner_separated]  h=43 e=65 s=61  tgt=266px
[16:09:51.088] [STATE_CHANGE        ] ECHO-01  | SEEK_PARTNER (0.0s) -> SEEK_PARTNER  [partner_separated]  h=43 e=65 s=61  tgt=265px
[16:09:51.089] [STATE_CHANGE        ] ECHO-01  | SEEK_PARTNER (0.0s) -> SEEK_PARTNER  [partner_separated]  h=43 e=65 s=61  tgt=265px
[16:09:51.090] [FOOD_FOUND          ] ECHO-03  | ate at (763, 445)  total=1
[16:09:51.091] [STATE_CHANGE        ] ECHO-01  | SEEK_PARTNER (0.0s) -> SEEK_PARTNER  [partner_separated]  h=43 e=65 s=61  tgt=264px
[16:09:51.091] [FOOD_CLAIM          ] ECHO-03  | food at (777,495)
[16:09:51.091] [STATE_CHANGE        ] ECHO-01  | SEEK_PARTNER (0.0s) -> SEEK_PARTNER  [partner_separated]  h=43 e=65 s=61  tgt=264px
[16:09:51.092] [STATE_CHANGE        ] ECHO-01  | SEEK_PARTNER (0.0s) -> SEEK_PARTNER  [partner_separated]  h=43 e=65 s=61  tgt=263px
[16:09:51.093] [STATE_CHANGE        ] ECHO-01  | SEEK_PARTNER (0.0s) -> SEEK_PARTNER  [partner_separated]  h=43 e=65 s=61  tgt=263px
[16:09:51.094] [STATE_CHANGE        ] ECHO-01  | SEEK_PARTNER (0.0s) -> SEEK_PARTNER  [partner_separated]  h=43 e=65 s=61  tgt=262px
[16:09:51.095] [STATE_CHANGE        ] ECHO-01  | SEEK_PARTNER (0.0s) -> SEEK_PARTNER  [partner_separated]  h=43 e=65 s=61  tgt=262px
[16:09:51.095] [STATE_CHANGE        ] ECHO-01  | SEEK_PARTNER (0.0s) -> SEEK_PARTNER  [partner_separated]  h=43 e=65 s=61  tgt=261px
[16:09:51.095] [STATE_CHANGE        ] ECHO-01  | SEEK_PARTNER (0.0s) -> SEEK_PARTNER  [partner_separated]  h=43 e=65 s=61  tgt=261px
[16:09:51.096] [STATE_CHANGE        ] ECHO-01  | SEEK_PARTNER (0.0s) -> SEEK_PARTNER  [partner_separated]  h=43 e=65 s=61  tgt=260px
[16:09:51.096] [STATE_CHANGE        ] ECHO-01  | SEEK_PARTNER (0.0s) -> SEEK_PARTNER  [partner_separated]  h=44 e=65 s=61  tgt=260px
[16:09:51.097] [STATE_CHANGE        ] ECHO-01  | SEEK_PARTNER (0.0s) -> SEEK_PARTNER  [partner_separated]  h=44 e=65 s=61  tgt=259px
[16:09:51.097] [STATE_CHANGE        ] ECHO-01  | SEEK_PARTNER (0.0s) -> SEEK_PARTNER  [partner_separated]  h=44 e=65 s=61  tgt=259px
[16:09:51.097] [STATE_CHANGE        ] ECHO-01  | SEEK_PARTNER (0.0s) -> SEEK_PARTNER  [partner_separated]  h=44 e=65 s=61  tgt=258px
[16:09:51.097] [STATE_CHANGE        ] ECHO-01  | SEEK_PARTNER (0.0s) -> SEEK_PARTNER  [partner_separated]  h=44 e=65 s=61  tgt=258px
[16:09:51.098] [STATE_CHANGE        ] ECHO-01  | SEEK_PARTNER (0.0s) -> SEEK_PARTNER  [partner_separated]  h=44 e=65 s=61  tgt=257px
[16:09:51.098] [STATE_CHANGE        ] ECHO-01  | SEEK_PARTNER (0.0s) -> SEEK_PARTNER  [partner_separated]  h=44 e=65 s=61  tgt=257px
[16:09:51.098] [STATE_CHANGE        ] ECHO-01  | SEEK_PARTNER (0.0s) -> SEEK_PARTNER  [partner_separated]  h=44 e=65 s=61  tgt=256px
[16:09:51.099] [STATE_CHANGE        ] ECHO-01  | SEEK_PARTNER (0.0s) -> SEEK_PARTNER  [partner_separated]  h=44 e=65 s=61  tgt=256px
[16:09:51.099] [STATE_CHANGE        ] ECHO-01  | SEEK_PARTNER (0.0s) -> SEEK_PARTNER  [partner_separated]  h=44 e=65 s=61  tgt=255px
[16:09:51.099] [STATE_CHANGE        ] ECHO-01  | SEEK_PARTNER (0.0s) -> SEEK_PARTNER  [partner_separated]  h=44 e=65 s=61  tgt=255px
[16:09:51.100] [STATE_CHANGE        ] ECHO-01  | SEEK_PARTNER (0.0s) -> SEEK_PARTNER  [partner_separated]  h=44 e=65 s=61  tgt=254px
[16:09:51.100] [STATE_CHANGE        ] ECHO-01  | SEEK_PARTNER (0.0s) -> SEEK_PARTNER  [partner_separated]  h=44 e=65 s=61  tgt=254px
[16:09:51.100] [STATE_CHANGE        ] ECHO-01  | SEEK_PARTNER (0.0s) -> SEEK_PARTNER  [partner_separated]  h=44 e=65 s=61  tgt=253px
[16:09:51.100] [STATE_CHANGE        ] ECHO-01  | SEEK_PARTNER (0.0s) -> SEEK_PARTNER  [partner_separated]  h=44 e=65 s=61  tgt=253px
[16:09:51.101] [STATE_CHANGE        ] ECHO-01  | SEEK_PARTNER (0.0s) -> SEEK_PARTNER  [partner_separated]  h=45 e=65 s=61  tgt=252px
[16:09:51.101] [STATE_CHANGE        ] ECHO-01  | SEEK_PARTNER (0.0s) -> SEEK_PARTNER  [partner_separated]  h=45 e=65 s=61  tgt=252px
[16:09:51.102] [STATE_CHANGE        ] ECHO-01  | SEEK_PARTNER (0.0s) -> SEEK_PARTNER  [partner_separated]  h=45 e=65 s=61  tgt=251px
[16:09:51.102] [STATE_CHANGE        ] ECHO-01  | SEEK_PARTNER (0.0s) -> SEEK_PARTNER  [partner_separated]  h=45 e=65 s=61  tgt=251px
[16:09:51.103] [STATE_CHANGE        ] ECHO-01  | SEEK_PARTNER (0.0s) -> SEEK_PARTNER  [partner_separated]  h=45 e=64 s=61  tgt=250px
[16:09:51.104] [STATE_CHANGE        ] ECHO-01  | SEEK_PARTNER (0.0s) -> SEEK_PARTNER  [partner_separated]  h=45 e=64 s=61  tgt=250px
[16:09:51.104] [STATE_CHANGE        ] ECHO-01  | SEEK_PARTNER (0.0s) -> SEEK_PARTNER  [partner_separated]  h=45 e=64 s=60  tgt=249px
[16:09:51.104] [STATE_CHANGE        ] ECHO-01  | SEEK_PARTNER (0.0s) -> SEEK_PARTNER  [partner_separated]  h=45 e=64 s=60  tgt=249px
[16:09:51.105] [STATE_CHANGE        ] ECHO-01  | SEEK_PARTNER (0.0s) -> SEEK_PARTNER  [partner_separated]  h=45 e=64 s=60  tgt=248px
[16:09:51.106] [STATE_CHANGE        ] ECHO-01  | SEEK_PARTNER (0.0s) -> SEEK_PARTNER  [partner_separated]  h=45 e=64 s=60  tgt=248px
[16:09:51.107] [STATE_CHANGE        ] ECHO-01  | SEEK_PARTNER (0.0s) -> SEEK_PARTNER  [partner_separated]  h=45 e=64 s=60  tgt=247px
[16:09:51.108] [STATE_CHANGE        ] ECHO-01  | SEEK_PARTNER (0.0s) -> SEEK_PARTNER  [partner_separated]  h=45 e=64 s=60  tgt=247px
[16:09:51.108] [STATE_CHANGE        ] ECHO-01  | SEEK_PARTNER (0.0s) -> SEEK_PARTNER  [partner_separated]  h=45 e=64 s=60  tgt=246px
[16:09:51.109] [STATE_CHANGE        ] ECHO-01  | SEEK_PARTNER (0.0s) -> SEEK_PARTNER  [partner_separated]  h=45 e=64 s=60  tgt=246px
[16:09:51.109] [STATE_CHANGE        ] ECHO-01  | SEEK_PARTNER (0.0s) -> SEEK_PARTNER  [partner_separated]  h=45 e=64 s=60  tgt=245px
[16:09:51.110] [STATE_CHANGE        ] ECHO-01  | SEEK_PARTNER (0.0s) -> SEEK_PARTNER  [partner_separated]  h=46 e=64 s=60  tgt=245px
[16:09:51.110] [STATE_CHANGE        ] ECHO-01  | SEEK_PARTNER (0.0s) -> SEEK_PARTNER  [partner_separated]  h=46 e=64 s=60  tgt=244px
[16:09:51.111] [STATE_CHANGE        ] ECHO-01  | SEEK_PARTNER (0.0s) -> SEEK_PARTNER  [partner_separated]  h=46 e=64 s=60  tgt=244px
[16:09:51.111] [STATE_CHANGE        ] ECHO-01  | SEEK_PARTNER (0.0s) -> SEEK_PARTNER  [partner_separated]  h=46 e=64 s=60  tgt=243px
[16:09:51.111] [STATE_CHANGE        ] ECHO-01  | SEEK_PARTNER (0.0s) -> SEEK_PARTNER  [partner_separated]  h=46 e=64 s=60  tgt=243px
[16:09:51.112] [STATE_CHANGE        ] ECHO-01  | SEEK_PARTNER (0.0s) -> SEEK_PARTNER  [partner_separated]  h=46 e=64 s=60  tgt=242px
[16:09:51.112] [STATE_CHANGE        ] ECHO-01  | SEEK_PARTNER (0.0s) -> SEEK_PARTNER  [partner_separated]  h=46 e=64 s=60  tgt=242px
[16:09:51.113] [STATE_CHANGE        ] ECHO-01  | SEEK_PARTNER (0.0s) -> SEEK_PARTNER  [partner_separated]  h=46 e=64 s=60  tgt=241px
[16:09:51.113] [FOOD_FOUND          ] ECHO-11  | ate at (816, 362)  total=2
[16:09:51.113] [STATE_CHANGE        ] ECHO-01  | SEEK_PARTNER (0.0s) -> SEEK_PARTNER  [partner_separated]  h=46 e=64 s=60  tgt=241px
[16:09:51.113] [STATE_CHANGE        ] ECHO-11  | SEEK_FOOD (4.1s) -> WANDER  [normal]  h=6 e=59 s=69
[16:09:51.114] [STATE_CHANGE        ] ECHO-01  | SEEK_PARTNER (0.0s) -> SEEK_PARTNER  [partner_separated]  h=46 e=64 s=60  tgt=240px
[16:09:51.114] [STATE_CHANGE        ] ECHO-01  | SEEK_PARTNER (0.0s) -> SEEK_PARTNER  [partner_separated]  h=46 e=64 s=60  tgt=240px
[16:09:51.114] [STATE_CHANGE        ] ECHO-01  | SEEK_PARTNER (0.0s) -> SEEK_PARTNER  [partner_separated]  h=46 e=64 s=60  tgt=239px
[16:09:51.114] [STATE_CHANGE        ] ECHO-01  | SEEK_PARTNER (0.0s) -> SEEK_PARTNER  [partner_separated]  h=46 e=64 s=60  tgt=239px
[16:09:51.115] [STATE_CHANGE        ] ECHO-01  | SEEK_PARTNER (0.0s) -> SEEK_PARTNER  [partner_separated]  h=46 e=64 s=60  tgt=238px
[16:09:51.115] [FOOD_CLAIM          ] ECHO-05  | food at (1032,287)
[16:09:51.115] [STATE_CHANGE        ] ECHO-01  | SEEK_PARTNER (0.0s) -> SEEK_PARTNER  [partner_separated]  h=46 e=64 s=60  tgt=238px
[16:09:51.115] [STATE_CHANGE        ] ECHO-01  | SEEK_PARTNER (0.0s) -> SEEK_PARTNER  [partner_separated]  h=47 e=64 s=60  tgt=237px
[16:09:51.116] [STATE_CHANGE        ] ECHO-01  | SEEK_PARTNER (0.0s) -> SEEK_PARTNER  [partner_separated]  h=47 e=64 s=60  tgt=237px
[16:09:51.116] [STATE_CHANGE        ] ECHO-01  | SEEK_PARTNER (0.0s) -> SEEK_PARTNER  [partner_separated]  h=47 e=64 s=60  tgt=236px
[16:09:51.116] [STATE_CHANGE        ] ECHO-01  | SEEK_PARTNER (0.0s) -> SEEK_PARTNER  [partner_separated]  h=47 e=64 s=60  tgt=236px
[16:09:51.117] [STATE_CHANGE        ] ECHO-01  | SEEK_PARTNER (0.0s) -> SEEK_PARTNER  [partner_separated]  h=47 e=64 s=60  tgt=235px
[16:09:51.117] [STATE_CHANGE        ] ECHO-01  | SEEK_PARTNER (0.0s) -> SEEK_PARTNER  [partner_separated]  h=47 e=64 s=60  tgt=235px
[16:09:51.118] [STATE_CHANGE        ] ECHO-01  | SEEK_PARTNER (0.0s) -> SEEK_PARTNER  [partner_separated]  h=47 e=64 s=60  tgt=234px
[16:09:51.118] [STATE_CHANGE        ] ECHO-01  | SEEK_PARTNER (0.0s) -> SEEK_PARTNER  [partner_separated]  h=47 e=64 s=60  tgt=234px
[16:09:51.119] [STATE_CHANGE        ] ECHO-01  | SEEK_PARTNER (0.0s) -> SEEK_PARTNER  [partner_separated]  h=47 e=64 s=60  tgt=233px
[16:09:51.119] [STATE_CHANGE        ] ECHO-01  | SEEK_PARTNER (0.0s) -> SEEK_PARTNER  [partner_separated]  h=47 e=64 s=60  tgt=233px
[16:09:51.120] [STATE_CHANGE        ] ECHO-01  | SEEK_PARTNER (0.0s) -> SEEK_PARTNER  [partner_separated]  h=47 e=64 s=60  tgt=232px
[16:09:51.120] [STATE_CHANGE        ] ECHO-01  | SEEK_PARTNER (0.0s) -> SEEK_PARTNER  [partner_separated]  h=47 e=64 s=60  tgt=232px
[16:09:51.121] [STATE_CHANGE        ] ECHO-01  | SEEK_PARTNER (0.0s) -> SEEK_PARTNER  [partner_separated]  h=47 e=64 s=60  tgt=231px
[16:09:51.121] [STATE_CHANGE        ] ECHO-01  | SEEK_PARTNER (0.0s) -> SEEK_PARTNER  [partner_separated]  h=47 e=64 s=60  tgt=231px
[16:09:51.122] [STATE_CHANGE        ] ECHO-01  | SEEK_PARTNER (0.0s) -> SEEK_PARTNER  [partner_separated]  h=47 e=64 s=60  tgt=230px
[16:09:51.125] [STATE_CHANGE        ] ECHO-01  | SEEK_PARTNER (0.0s) -> SEEK_PARTNER  [partner_separated]  h=48 e=64 s=60  tgt=230px
[16:09:51.125] [STATE_CHANGE        ] ECHO-01  | SEEK_PARTNER (0.0s) -> SEEK_PARTNER  [partner_separated]  h=48 e=64 s=59  tgt=229px
[16:09:51.126] [STATE_CHANGE        ] ECHO-01  | SEEK_PARTNER (0.0s) -> SEEK_PARTNER  [partner_separated]  h=48 e=64 s=59  tgt=229px
[16:09:51.126] [STATE_CHANGE        ] ECHO-01  | SEEK_PARTNER (0.0s) -> SEEK_PARTNER  [partner_separated]  h=48 e=64 s=59  tgt=228px
[16:09:51.126] [STATE_CHANGE        ] ECHO-01  | SEEK_PARTNER (0.0s) -> SEEK_PARTNER  [partner_separated]  h=48 e=64 s=59  tgt=228px
[16:09:51.127] [STATE_CHANGE        ] ECHO-01  | SEEK_PARTNER (0.0s) -> SEEK_PARTNER  [partner_separated]  h=48 e=64 s=59  tgt=227px
[16:09:51.127] [STATE_CHANGE        ] ECHO-01  | SEEK_PARTNER (0.0s) -> SEEK_PARTNER  [partner_separated]  h=48 e=64 s=59  tgt=227px
[16:09:51.127] [STATE_CHANGE        ] ECHO-01  | SEEK_PARTNER (0.0s) -> SEEK_PARTNER  [partner_separated]  h=48 e=64 s=59  tgt=226px
[16:09:51.128] [STATE_CHANGE        ] ECHO-01  | SEEK_PARTNER (0.0s) -> SEEK_PARTNER  [partner_separated]  h=48 e=64 s=59  tgt=226px
[16:09:51.128] [STATE_CHANGE        ] ECHO-01  | SEEK_PARTNER (0.0s) -> SEEK_PARTNER  [partner_separated]  h=48 e=64 s=59  tgt=225px
[16:09:51.128] [STATE_CHANGE        ] ECHO-01  | SEEK_PARTNER (0.0s) -> SEEK_PARTNER  [partner_separated]  h=48 e=64 s=59  tgt=225px
[16:09:51.129] [STATE_CHANGE        ] ECHO-01  | SEEK_PARTNER (0.0s) -> SEEK_PARTNER  [partner_separated]  h=48 e=64 s=59  tgt=224px
[16:09:51.129] [STATE_CHANGE        ] ECHO-01  | SEEK_PARTNER (0.0s) -> SEEK_PARTNER  [partner_separated]  h=48 e=64 s=59  tgt=224px
[16:09:51.129] [STATE_CHANGE        ] ECHO-01  | SEEK_PARTNER (0.0s) -> SEEK_PARTNER  [partner_separated]  h=48 e=64 s=59  tgt=223px
